Archive member included to satisfy reference by file (symbol)

C:/Program Files/STM32CubeIDE_1.19.0/STM32CubeIDE/plugins/com.st.stm32cube.ide.mcu.externaltools.gnu-tools-for-stm32.13.3.rel1.win32_1.0.0.202411081344/tools/bin/../lib/gcc/arm-none-eabi/13.3.1/../../../../arm-none-eabi/lib/thumb/v7e-m+fp/hard\libc_nano.a(libc_a-exit.o)
                              C:/Program Files/STM32CubeIDE_1.19.0/STM32CubeIDE/plugins/com.st.stm32cube.ide.mcu.externaltools.gnu-tools-for-stm32.13.3.rel1.win32_1.0.0.202411081344/tools/bin/../lib/gcc/arm-none-eabi/13.3.1/../../../../arm-none-eabi/lib/thumb/v7e-m+fp/hard/crt0.o (exit)
C:/Program Files/STM32CubeIDE_1.19.0/STM32CubeIDE/plugins/com.st.stm32cube.ide.mcu.externaltools.gnu-tools-for-stm32.13.3.rel1.win32_1.0.0.202411081344/tools/bin/../lib/gcc/arm-none-eabi/13.3.1/../../../../arm-none-eabi/lib/thumb/v7e-m+fp/hard\libc_nano.a(libc_a-nano-vfprintf_float.o)
                              (_printf_float)
C:/Program Files/STM32CubeIDE_1.19.0/STM32CubeIDE/plugins/com.st.stm32cube.ide.mcu.externaltools.gnu-tools-for-stm32.13.3.rel1.win32_1.0.0.202411081344/tools/bin/../lib/gcc/arm-none-eabi/13.3.1/../../../../arm-none-eabi/lib/thumb/v7e-m+fp/hard\libc_nano.a(libc_a-nano-vfprintf_i.o)
                              C:/Program Files/STM32CubeIDE_1.19.0/STM32CubeIDE/plugins/com.st.stm32cube.ide.mcu.externaltools.gnu-tools-for-stm32.13.3.rel1.win32_1.0.0.202411081344/tools/bin/../lib/gcc/arm-none-eabi/13.3.1/../../../../arm-none-eabi/lib/thumb/v7e-m+fp/hard\libc_nano.a(libc_a-nano-vfprintf_float.o) (_printf_common)
C:/Program Files/STM32CubeIDE_1.19.0/STM32CubeIDE/plugins/com.st.stm32cube.ide.mcu.externaltools.gnu-tools-for-stm32.13.3.rel1.win32_1.0.0.202411081344/tools/bin/../lib/gcc/arm-none-eabi/13.3.1/../../../../arm-none-eabi/lib/thumb/v7e-m+fp/hard\libc_nano.a(libc_a-findfp.o)
                              C:/Program Files/STM32CubeIDE_1.19.0/STM32CubeIDE/plugins/com.st.stm32cube.ide.mcu.externaltools.gnu-tools-for-stm32.13.3.rel1.win32_1.0.0.202411081344/tools/bin/../lib/gcc/arm-none-eabi/13.3.1/../../../../arm-none-eabi/lib/thumb/v7e-m+fp/hard\libc_nano.a(libc_a-exit.o) (__stdio_exit_handler)
C:/Program Files/STM32CubeIDE_1.19.0/STM32CubeIDE/plugins/com.st.stm32cube.ide.mcu.externaltools.gnu-tools-for-stm32.13.3.rel1.win32_1.0.0.202411081344/tools/bin/../lib/gcc/arm-none-eabi/13.3.1/../../../../arm-none-eabi/lib/thumb/v7e-m+fp/hard\libc_nano.a(libc_a-fwalk.o)
                              C:/Program Files/STM32CubeIDE_1.19.0/STM32CubeIDE/plugins/com.st.stm32cube.ide.mcu.externaltools.gnu-tools-for-stm32.13.3.rel1.win32_1.0.0.202411081344/tools/bin/../lib/gcc/arm-none-eabi/13.3.1/../../../../arm-none-eabi/lib/thumb/v7e-m+fp/hard\libc_nano.a(libc_a-findfp.o) (_fwalk_sglue)
C:/Program Files/STM32CubeIDE_1.19.0/STM32CubeIDE/plugins/com.st.stm32cube.ide.mcu.externaltools.gnu-tools-for-stm32.13.3.rel1.win32_1.0.0.202411081344/tools/bin/../lib/gcc/arm-none-eabi/13.3.1/../../../../arm-none-eabi/lib/thumb/v7e-m+fp/hard\libc_nano.a(libc_a-snprintf.o)
                              ./Core/Src/main.o (snprintf)
C:/Program Files/STM32CubeIDE_1.19.0/STM32CubeIDE/plugins/com.st.stm32cube.ide.mcu.externaltools.gnu-tools-for-stm32.13.3.rel1.win32_1.0.0.202411081344/tools/bin/../lib/gcc/arm-none-eabi/13.3.1/../../../../arm-none-eabi/lib/thumb/v7e-m+fp/hard\libc_nano.a(libc_a-stdio.o)
                              C:/Program Files/STM32CubeIDE_1.19.0/STM32CubeIDE/plugins/com.st.stm32cube.ide.mcu.externaltools.gnu-tools-for-stm32.13.3.rel1.win32_1.0.0.202411081344/tools/bin/../lib/gcc/arm-none-eabi/13.3.1/../../../../arm-none-eabi/lib/thumb/v7e-m+fp/hard\libc_nano.a(libc_a-findfp.o) (__sread)
C:/Program Files/STM32CubeIDE_1.19.0/STM32CubeIDE/plugins/com.st.stm32cube.ide.mcu.externaltools.gnu-tools-for-stm32.13.3.rel1.win32_1.0.0.202411081344/tools/bin/../lib/gcc/arm-none-eabi/13.3.1/../../../../arm-none-eabi/lib/thumb/v7e-m+fp/hard\libc_nano.a(libc_a-memset.o)
                              C:/Program Files/STM32CubeIDE_1.19.0/STM32CubeIDE/plugins/com.st.stm32cube.ide.mcu.externaltools.gnu-tools-for-stm32.13.3.rel1.win32_1.0.0.202411081344/tools/bin/../lib/gcc/arm-none-eabi/13.3.1/../../../../arm-none-eabi/lib/thumb/v7e-m+fp/hard/crt0.o (memset)
C:/Program Files/STM32CubeIDE_1.19.0/STM32CubeIDE/plugins/com.st.stm32cube.ide.mcu.externaltools.gnu-tools-for-stm32.13.3.rel1.win32_1.0.0.202411081344/tools/bin/../lib/gcc/arm-none-eabi/13.3.1/../../../../arm-none-eabi/lib/thumb/v7e-m+fp/hard\libc_nano.a(libc_a-localeconv.o)
                              C:/Program Files/STM32CubeIDE_1.19.0/STM32CubeIDE/plugins/com.st.stm32cube.ide.mcu.externaltools.gnu-tools-for-stm32.13.3.rel1.win32_1.0.0.202411081344/tools/bin/../lib/gcc/arm-none-eabi/13.3.1/../../../../arm-none-eabi/lib/thumb/v7e-m+fp/hard\libc_nano.a(libc_a-nano-vfprintf_float.o) (_localeconv_r)
[...]
Memory Configuration

Name             Origin             Length             Attributes
RAM              0x20000000         0x0000c000         xrw
RAM2             0x10000000         0x00004000         xrw
FLASH            0x08000000         0x00040000         xr
*default*        0x00000000         0xffffffff

Linker script and memory map

LOAD C:/Program Files/STM32CubeIDE_1.19.0/STM32CubeIDE/plugins/com.st.stm32cube.ide.mcu.externaltools.gnu-tools-for-stm32.13.3.rel1.win32_1.0.0.202411081344/tools/bin/../lib/gcc/arm-none-eabi/13.3.1/thumb/v7e-m+fp/hard/crti.o
LOAD C:/Program Files/STM32CubeIDE_1.19.0/STM32CubeIDE/plugins/com.st.stm32cube.ide.mcu.externaltools.gnu-tools-for-stm32.13.3.rel1.win32_1.0.0.202411081344/tools/bin/../lib/gcc/arm-none-eabi/13.3.1/thumb/v7e-m+fp/hard/crtbegin.o
LOAD C:/Program Files/STM32CubeIDE_1.19.0/STM32CubeIDE/plugins/com.st.stm32cube.ide.mcu.externaltools.gnu-tools-for-stm32.13.3.rel1.win32_1.0.0.202411081344/tools/bin/../lib/gcc/arm-none-eabi/13.3.1/../../../../arm-none-eabi/lib/thumb/v7e-m+fp/hard/crt0.o
LOAD ./Core/Src/adc.o
LOAD ./Core/Src/gpio.o
LOAD ./Core/Src/main.o
LOAD ./Core/Src/stm32l4xx_hal_msp.o
LOAD ./Core/Src/stm32l4xx_it.o
LOAD ./Core/Src/syscalls.o
LOAD ./Core/Src/sysmem.o
LOAD ./Core/Src/system_stm32l4xx.o
LOAD ./Core/Src/usart.o
LOAD ./Core/Startup/startup_stm32l432kcux.o
LOAD ./Drivers/STM32L4xx_HAL_Driver/Src/stm32l4xx_hal.o
LOAD ./Drivers/STM32L4xx_HAL_Driver/Src/stm32l4xx_hal_adc.o
LOAD ./Drivers/STM32L4xx_HAL_Driver/Src/stm32l4xx_hal_adc_ex.o
LOAD ./Drivers/STM32L4xx_HAL_Driver/Src/stm32l4xx_hal_cortex.o
LOAD ./Drivers/STM32L4xx_HAL_Driver/Src/stm32l4xx_hal_dma.o
LOAD ./Drivers/STM32L4xx_HAL_Driver/Src/stm32l4xx_hal_dma_ex.o
LOAD ./Drivers/STM32L4xx_HAL_Driver/Src/stm32l4xx_hal_exti.o
LOAD ./Drivers/STM32L4xx_HAL_Driver/Src/stm32l4xx_hal_flash.o
LOAD ./Drivers/STM32L4xx_HAL_Driver/Src/stm32l4xx_hal_flash_ex.o
LOAD ./Drivers/STM32L4xx_HAL_Driver/Src/stm32l4xx_hal_flash_ramfunc.o
LOAD ./Drivers/STM32L4xx_HAL_Driver/Src/stm32l4xx_hal_gpio.o
LOAD ./Drivers/STM32L4xx_HAL_Driver/Src/stm32l4xx_hal_i2c.o
LOAD ./Drivers/STM32L4xx_HAL_Driver/Src/stm32l4xx_hal_i2c_ex.o
LOAD ./Drivers/STM32L4xx_HAL_Driver/Src/stm32l4xx_hal_pwr.o
LOAD ./Drivers/STM32L4xx_HAL_Driver/Src/stm32l4xx_hal_pwr_ex.o
LOAD ./Drivers/STM32L4xx_HAL_Driver/Src/stm32l4xx_hal_rcc.o
LOAD ./Drivers/STM32L4xx_HAL_Driver/Src/stm32l4xx_hal_rcc_ex.o
LOAD ./Drivers/STM32L4xx_HAL_Driver/Src/stm32l4xx_hal_uart.o
LOAD ./Drivers/STM32L4xx_HAL_Driver/Src/stm32l4xx_hal_uart_ex.o
START GROUP
LOAD C:/Program Files/STM32CubeIDE_1.19.0/STM32CubeIDE/plugins/com.st.stm32cube.ide.mcu.externaltools.gnu-tools-for-stm32.13.3.rel1.win32_1.0.0.202411081344/tools/bin/../lib/gcc/arm-none-eabi/13.3.1/../../../../arm-none-eabi/lib/thumb/v7e-m+fp/hard\libc_nano.a
LOAD C:/Program Files/STM32CubeIDE_1.19.0/STM32CubeIDE/plugins/com.st.stm32cube.ide.mcu.externaltools.gnu-tools-for-stm32.13.3.rel1.win32_1.0.0.202411081344/tools/bin/../lib/gcc/arm-none-eabi/13.3.1/../../../../arm-none-eabi/lib/thumb/v7e-m+fp/hard\libm.a
END GROUP
START GROUP
LOAD C:/Program Files/STM32CubeIDE_1.19.0/STM32CubeIDE/plugins/com.st.stm32cube.ide.mcu.externaltools.gnu-tools-for-stm32.13.3.rel1.win32_1.0.0.202411081344/tools/bin/../lib/gcc/arm-none-eabi/13.3.1/thumb/v7e-m+fp/hard\libgcc.a
LOAD C:/Program Files/STM32CubeIDE_1.19.0/STM32CubeIDE/plugins/com.st.stm32cube.ide.mcu.externaltools.gnu-tools-for-stm32.13.3.rel1.win32_1.0.0.202411081344/tools/bin/../lib/gcc/arm-none-eabi/13.3.1/../../../../arm-none-eabi/lib/thumb/v7e-m+fp/hard\libc_nano.a
END GROUP
START GROUP
LOAD C:/Program Files/STM32CubeIDE_1.19.0/STM32CubeIDE/plugins/com.st.stm32cube.ide.mcu.externaltools.gnu-tools-for-stm32.13.3.rel1.win32_1.0.0.202411081344/tools/bin/../lib/gcc/arm-none-eabi/13.3.1/thumb/v7e-m+fp/hard\libgcc.a
LOAD C:/Program Files/STM32CubeIDE_1.19.0/STM32CubeIDE/plugins/com.st.stm32cube.ide.mcu.externaltools.gnu-tools-for-stm32.13.3.rel1.win32_1.0.0.202411081344/tools/bin/../lib/gcc/arm-none-eabi/13.3.1/../../../../arm-none-eabi/lib/thumb/v7e-m+fp/hard\libc_nano.a
LOAD C:/Program Files/STM32CubeIDE_1.19.0/STM32CubeIDE/plugins/com.st.stm32cube.ide.mcu.externaltools.gnu-tools-for-stm32.13.3.rel1.win32_1.0.0.202411081344/tools/bin/../lib/gcc/arm-none-eabi/13.3.1/../../../../arm-none-eabi/lib/thumb/v7e-m+fp/hard\libnosys.a
END GROUP
START GROUP
LOAD C:/Program Files/STM32CubeIDE_1.19.0/STM32CubeIDE/plugins/com.st.stm32cube.ide.mcu.externaltools.gnu-tools-for-stm32.13.3.rel1.win32_1.0.0.202411081344/tools/bin/../lib/gcc/arm-none-eabi/13.3.1/thumb/v7e-m+fp/hard\libgcc.a
LOAD C:/Program Files/STM32CubeIDE_1.19.0/STM32CubeIDE/plugins/com.st.stm32cube.ide.mcu.externaltools.gnu-tools-for-stm32.13.3.rel1.win32_1.0.0.202411081344/tools/bin/../lib/gcc/arm-none-eabi/13.3.1/../../../../arm-none-eabi/lib/thumb/v7e-m+fp/hard\libc_nano.a
LOAD C:/Program Files/STM32CubeIDE_1.19.0/STM32CubeIDE/plugins/com.st.stm32cube.ide.mcu.externaltools.gnu-tools-for-stm32.13.3.rel1.win32_1.0.0.202411081344/tools/bin/../lib/gcc/arm-none-eabi/13.3.1/../../../../arm-none-eabi/lib/thumb/v7e-m+fp/hard\libnosys.a
END GROUP
LOAD C:/Program Files/STM32CubeIDE_1.19.0/STM32CubeIDE/plugins/com.st.stm32cube.ide.mcu.externaltools.gnu-tools-for-stm32.13.3.rel1.win32_1.0.0.202411081344/tools/bin/../lib/gcc/arm-none-eabi/13.3.1/thumb/v7e-m+fp/hard/crtend.o
LOAD C:/Program Files/STM32CubeIDE_1.19.0/STM32CubeIDE/plugins/com.st.stm32cube.ide.mcu.externaltools.gnu-tools-for-stm32.13.3.rel1.win32_1.0.0.202411081344/tools/bin/../lib/gcc/arm-none-eabi/13.3.1/thumb/v7e-m+fp/hard/crtn.o
                0x2000c000                        _estack = (ORIGIN (RAM) + LENGTH (RAM))
                0x00000200                        _Min_Heap_Size = 0x200
                0x00000400                        _Min_Stack_Size = 0x400

.isr_vector     0x08000000      0x18c
                0x08000000                        . = ALIGN (0x4)
 *(.isr_vector)
 .isr_vector    0x08000000      0x18c ./Core/Startup/startup_stm32l432kcux.o
                0x08000000                g_pfnVectors
                0x0800018c                        . = ALIGN (0x4)

.text           0x08000190     0x78e0
                0x08000190                        . = ALIGN (0x4)
 *(.text)
 .text          0x08000190       0x40 C:/Program Files/STM32CubeIDE_1.19.0/STM32CubeIDE/plugins/com.st.stm32cube.ide.mcu.externaltools.gnu-tools-for-stm32.13.3.rel1.win32_1.0.0.202411081344/tools/bin/../lib/gcc/arm-none-eabi/13.3.1/thumb/v7e-m+fp/hard/crtbegin.o
 .text          0x080001d0       0xa0 C:/Program Files/STM32CubeIDE_1.19.0/STM32CubeIDE/plugins/com.st.stm32cube.ide.mcu.externaltools.gnu-tools-for-stm32.13.3.rel1.win32_1.0.0.202411081344/tools/bin/../lib/gcc/arm-none-eabi/13.3.1/../../../../arm-none-eabi/lib/thumb/v7e-m+fp/hard\libc_nano.a(libc_a-memchr.o)
                0x080001d0                memchr
 .text          0x08000270       0x10 C:/Program Files/STM32CubeIDE_1.19.0/STM32CubeIDE/plugins/com.st.stm32cube.ide.mcu.externaltools.gnu-tools-for-stm32.13.3.rel1.win32_1.0.0.202411081344/tools/bin/../lib/gcc/arm-none-eabi/13.3.1/../../../../arm-none-eabi/lib/thumb/v7e-m+fp/hard\libc_nano.a(libc_a-strlen.o)
                0x08000270                strlen
 .text          0x08000280      0x378 C:/Program Files/STM32CubeIDE_1.19.0/STM32CubeIDE/plugins/com.st.stm32cube.ide.mcu.externaltools.gnu-tools-for-stm32.13.3.rel1.win32_1.0.0.202411081344/tools/bin/../lib/gcc/arm-none-eabi/13.3.1/thumb/v7e-m+fp/hard\libgcc.a(_arm_addsubdf3.o)
                0x08000280                __aeabi_drsub
                0x08000288                __aeabi_dsub
                0x08000288                __subdf3
                0x0800028c                __aeabi_dadd
                0x0800028c                __adddf3
                0x08000504                __floatunsidf
                0x08000504                __aeabi_ui2d
                0x08000524                __floatsidf
                0x08000524                __aeabi_i2d
                0x08000548                __aeabi_f2d
                0x08000548                __extendsfdf2
                0x0800058c                __floatundidf
                0x0800058c                __aeabi_ul2d
                0x0800059c                __floatdidf
                0x0800059c                __aeabi_l2d
 .text          0x080005f8      0x424 C:/Program Files/STM32CubeIDE_1.19.0/STM32CubeIDE/plugins/com.st.stm32cube.ide.mcu.externaltools.gnu-tools-for-stm32.13.3.rel1.win32_1.0.0.202411081344/tools/bin/../lib/gcc/arm-none-eabi/13.3.1/thumb/v7e-m+fp/hard\libgcc.a(_arm_muldivdf3.o)
                0x080005f8                __aeabi_dmul
                0x080005f8                __muldf3
                0x0800084c                __divdf3
                0x0800084c                __aeabi_ddiv
 .text          0x08000a1c      0x110 C:/Program Files/STM32CubeIDE_1.19.0/STM32CubeIDE/plugins/com.st.stm32cube.ide.mcu.externaltools.gnu-tools-for-stm32.13.3.rel1.win32_1.0.0.202411081344/tools/bin/../lib/gcc/arm-none-eabi/13.3.1/thumb/v7e-m+fp/hard\libgcc.a(_arm_cmpdf2.o)
                0x08000a1c                __gtdf2
                0x08000a1c                __gedf2
                0x08000a24                __ltdf2
                0x08000a24                __ledf2
                0x08000a2c                __nedf2
                0x08000a2c                __eqdf2
                0x08000a2c                __cmpdf2
                0x08000aa8                __aeabi_cdrcmple
                0x08000ab8                __aeabi_cdcmpeq
                0x08000ab8                __aeabi_cdcmple
                0x08000ac8                __aeabi_dcmpeq
                0x08000adc                __aeabi_dcmplt
                0x08000af0                __aeabi_dcmple
                0x08000b04                __aeabi_dcmpge
                0x08000b18                __aeabi_dcmpgt
 .text          0x08000b2c       0x2c C:/Program Files/STM32CubeIDE_1.19.0/STM32CubeIDE/plugins/com.st.stm32cube.ide.mcu.externaltools.gnu-tools-for-stm32.13.3.rel1.win32_1.0.0.202411081344/tools/bin/../lib/gcc/arm-none-eabi/13.3.1/thumb/v7e-m+fp/hard\libgcc.a(_arm_unorddf2.o)
                0x08000b2c                __unorddf2
                0x08000b2c                __aeabi_dcmpun
 .text          0x08000b58       0x50 C:/Program Files/STM32CubeIDE_1.19.0/STM32CubeIDE/plugins/com.st.stm32cube.ide.mcu.externaltools.gnu-tools-for-stm32.13.3.rel1.win32_1.0.0.202411081344/tools/bin/../lib/gcc/arm-none-eabi/13.3.1/thumb/v7e-m+fp/hard\libgcc.a(_arm_fixdfsi.o)
                0x08000b58                __aeabi_d2iz
                0x08000b58                __fixdfsi
 .text          0x08000ba8       0x30 C:/Program Files/STM32CubeIDE_1.19.0/STM32CubeIDE/plugins/com.st.stm32cube.ide.mcu.externaltools.gnu-tools-for-stm32.13.3.rel1.win32_1.0.0.202411081344/tools/bin/../lib/gcc/arm-none-eabi/13.3.1/thumb/v7e-m+fp/hard\libgcc.a(_aeabi_uldivmod.o)
                0x08000ba8                __aeabi_uldivmod
 .text          0x08000bd8      0x2f8 C:/Program Files/STM32CubeIDE_1.19.0/STM32CubeIDE/plugins/com.st.stm32cube.ide.mcu.externaltools.gnu-tools-for-stm32.13.3.rel1.win32_1.0.0.202411081344/tools/bin/../lib/gcc/arm-none-eabi/13.3.1/thumb/v7e-m+fp/hard\libgcc.a(_udivmoddi4.o)
                0x08000bd8                __udivmoddi4
 .text          0x08000ed0        0x4 C:/Program Files/STM32CubeIDE_1.19.0/STM32CubeIDE/plugins/com.st.stm32cube.ide.mcu.externaltools.gnu-tools-for-stm32.13.3.rel1.win32_1.0.0.202411081344/tools/bin/../lib/gcc/arm-none-eabi/13.3.1/thumb/v7e-m+fp/hard\libgcc.a(_dvmd_tls.o)
                0x08000ed0                __aeabi_idiv0
                0x08000ed0                __aeabi_ldiv0
 *(.text*)
 .text.MX_ADC1_Init
                0x08000ed4       0xc8 ./Core/Src/adc.o
                0x08000ed4                MX_ADC1_Init
 .text.HAL_ADC_MspInit
                0x08000f9c       0xc8 ./Core/Src/adc.o
                0x08000f9c                HAL_ADC_MspInit
 .text.MX_GPIO_Init
                0x08001064       0x94 ./Core/Src/gpio.o
                0x08001064                MX_GPIO_Init
 .text.main     0x080010f8      0x230 ./Core/Src/main.o
                0x080010f8                main
 .text.SystemClock_Config
                0x08001328       0xc4 ./Core/Src/main.o
                0x08001328                SystemClock_Config
 .text.HAL_ADC_ConvCpltCallback
                0x080013ec       0x2c ./Core/Src/main.o
                0x080013ec                HAL_ADC_ConvCpltCallback
 .text.Error_Handler
                0x08001418        0xc ./Core/Src/main.o
                0x08001418                Error_Handler
 .text.HAL_MspInit
                0x08001424       0x48 ./Core/Src/stm32l4xx_hal_msp.o
                0x08001424                HAL_MspInit
 .text.NMI_Handler
                0x0800146c        0x8 ./Core/Src/stm32l4xx_it.o
                0x0800146c                NMI_Handler
 .text.HardFault_Handler
                0x08001474        0x8 ./Core/Src/stm32l4xx_it.o
                0x08001474                HardFault_Handler
 .text.MemManage_Handler
                0x0800147c        0x8 ./Core/Src/stm32l4xx_it.o
                0x0800147c                MemManage_Handler
 .text.BusFault_Handler
                0x08001484        0x8 ./Core/Src/stm32l4xx_it.o
                0x08001484                BusFault_Handler
 .text.UsageFault_Handler
                0x0800148c        0x8 ./Core/Src/stm32l4xx_it.o
                0x0800148c                UsageFault_Handler
 .text.SVC_Handler
                0x08001494        0xe ./Core/Src/stm32l4xx_it.o
                0x08001494                SVC_Handler
 .text.DebugMon_Handler
                0x080014a2        0xe ./Core/Src/stm32l4xx_it.o
                0x080014a2                DebugMon_Handler
 .text.PendSV_Handler
                0x080014b0        0xe ./Core/Src/stm32l4xx_it.o
                0x080014b0                PendSV_Handler
 .text.SysTick_Handler
                0x080014be        0xc ./Core/Src/stm32l4xx_it.o
                0x080014be                SysTick_Handler
 .text._getpid  0x080014ca       0x10 ./Core/Src/syscalls.o
                0x080014ca                _getpid
 .text._kill    0x080014da       0x20 ./Core/Src/syscalls.o
                0x080014da                _kill
 .text._exit    0x080014fa       0x16 ./Core/Src/syscalls.o
                0x080014fa                _exit
 .text._read    0x08001510       0x3a ./Core/Src/syscalls.o
                0x08001510                _read
 .text._write   0x0800154a       0x38 ./Core/Src/syscalls.o
                0x0800154a                _write
 .text._close   0x08001582       0x18 ./Core/Src/syscalls.o
                0x08001582                _close
 .text._fstat   0x0800159a       0x20 ./Core/Src/syscalls.o
                0x0800159a                _fstat
 .text._isatty  0x080015ba       0x16 ./Core/Src/syscalls.o
                0x080015ba                _isatty
 .text._lseek   0x080015d0       0x1a ./Core/Src/syscalls.o
                0x080015d0                _lseek
 *fill*         0x080015ea        0x2 
 .text._sbrk    0x080015ec       0x6c ./Core/Src/sysmem.o
                0x080015ec                _sbrk
 .text.SystemInit
                0x08001658       0x24 ./Core/Src/system_stm32l4xx.o
                0x08001658                SystemInit
 .text.MX_USART2_UART_Init
                0x0800167c       0x60 ./Core/Src/usart.o
                0x0800167c                MX_USART2_UART_Init
 .text.HAL_UART_MspInit
                0x080016dc       0xd4 ./Core/Src/usart.o
                0x080016dc                HAL_UART_MspInit
 .text.Reset_Handler
                0x080017b0       0x50 ./Core/Startup/startup_stm32l432kcux.o
                0x080017b0                Reset_Handler
 .text.Default_Handler
                0x08001800        0x2 ./Core/Startup/startup_stm32l432kcux.o
                0x08001800                RTC_Alarm_IRQHandler
                0x08001800                EXTI2_IRQHandler
                0x08001800                TIM1_CC_IRQHandler
                0x08001800                TSC_IRQHandler
                0x08001800                TAMP_STAMP_IRQHandler
                0x08001800                EXTI3_IRQHandler
                0x08001800                LPTIM2_IRQHandler
                0x08001800                I2C3_ER_IRQHandler
                0x08001800                EXTI0_IRQHandler
                0x08001800                CAN1_RX0_IRQHandler
                0x08001800                FPU_IRQHandler
                0x08001800                TIM1_UP_TIM16_IRQHandler
                0x08001800                SPI1_IRQHandler
                0x08001800                TIM6_DAC_IRQHandler
                0x08001800                DMA2_Channel2_IRQHandler
                0x08001800                DMA1_Channel4_IRQHandler
                0x08001800                ADC1_IRQHandler
                0x08001800                DMA1_Channel7_IRQHandler
                0x08001800                CAN1_RX1_IRQHandler
                0x08001800                DMA2_Channel1_IRQHandler
                0x08001800                QUADSPI_IRQHandler
                0x08001800                I2C1_EV_IRQHandler
                0x08001800                DMA1_Channel6_IRQHandler
                0x08001800                DMA2_Channel4_IRQHandler
                0x08001800                RCC_IRQHandler
                0x08001800                TIM1_TRG_COM_IRQHandler
                0x08001800                DMA1_Channel1_IRQHandler
                0x08001800                Default_Handler
                0x08001800                DMA2_Channel7_IRQHandler
                0x08001800                EXTI15_10_IRQHandler
                0x08001800                TIM7_IRQHandler
                0x08001800                I2C3_EV_IRQHandler
                0x08001800                USB_IRQHandler
                0x08001800                EXTI9_5_IRQHandler
                0x08001800                RTC_WKUP_IRQHandler
                0x08001800                PVD_PVM_IRQHandler
                0x08001800                CAN1_TX_IRQHandler
                0x08001800                DMA2_Channel5_IRQHandler
                0x08001800                CRS_IRQHandler
                0x08001800                DMA1_Channel5_IRQHandler
                0x08001800                EXTI4_IRQHandler
                0x08001800                RNG_IRQHandler
                0x08001800                DMA1_Channel3_IRQHandler
                0x08001800                COMP_IRQHandler
                0x08001800                WWDG_IRQHandler
                0x08001800                LPUART1_IRQHandler
                0x08001800                DMA2_Channel6_IRQHandler
                0x08001800                TIM2_IRQHandler
                0x08001800                EXTI1_IRQHandler
                0x08001800                USART2_IRQHandler
                0x08001800                DMA1_Channel2_IRQHandler
                0x08001800                CAN1_SCE_IRQHandler
                0x08001800                FLASH_IRQHandler
                0x08001800                USART1_IRQHandler
                0x08001800                SPI3_IRQHandler
                0x08001800                I2C1_ER_IRQHandler
                0x08001800                SWPMI1_IRQHandler
                0x08001800                LPTIM1_IRQHandler
                0x08001800                SAI1_IRQHandler
                0x08001800                DMA2_Channel3_IRQHandler
                0x08001800                TIM1_BRK_TIM15_IRQHandler
 .text.HAL_Init
                0x08001802       0x30 ./Drivers/STM32L4xx_HAL_Driver/Src/stm32l4xx_hal.o
                0x08001802                HAL_Init
 *fill*         0x08001832        0x2 
 .text.HAL_InitTick
                0x08001834       0x78 ./Drivers/STM32L4xx_HAL_Driver/Src/stm32l4xx_hal.o
                0x08001834                HAL_InitTick
 .text.HAL_IncTick
                0x080018ac       0x28 ./Drivers/STM32L4xx_HAL_Driver/Src/stm32l4xx_hal.o
                0x080018ac                HAL_IncTick
 .text.HAL_GetTick
                0x080018d4       0x18 ./Drivers/STM32L4xx_HAL_Driver/Src/stm32l4xx_hal.o
                0x080018d4                HAL_GetTick
 .text.LL_ADC_SetCommonClock
                0x080018ec       0x26 ./Drivers/STM32L4xx_HAL_Driver/Src/stm32l4xx_hal_adc.o
 .text.LL_ADC_SetCommonPathInternalCh
                0x08001912       0x26 ./Drivers/STM32L4xx_HAL_Driver/Src/stm32l4xx_hal_adc.o
 .text.LL_ADC_GetCommonPathInternalCh
                0x08001938       0x1c ./Drivers/STM32L4xx_HAL_Driver/Src/stm32l4xx_hal_adc.o
 .text.LL_ADC_SetOffset
                0x08001954       0x48 ./Drivers/STM32L4xx_HAL_Driver/Src/stm32l4xx_hal_adc.o
 .text.LL_ADC_GetOffsetChannel
                0x0800199c       0x2c ./Drivers/STM32L4xx_HAL_Driver/Src/stm32l4xx_hal_adc.o
 .text.LL_ADC_SetOffsetState
                0x080019c8       0x36 ./Drivers/STM32L4xx_HAL_Driver/Src/stm32l4xx_hal_adc.o
 .text.LL_ADC_REG_IsTriggerSourceSWStart
                0x080019fe       0x26 ./Drivers/STM32L4xx_HAL_Driver/Src/stm32l4xx_hal_adc.o
 .text.LL_ADC_REG_SetSequencerRanks
                0x08001a24       0x58 ./Drivers/STM32L4xx_HAL_Driver/Src/stm32l4xx_hal_adc.o
 .text.LL_ADC_SetChannelSamplingTime
                0x08001a7c       0x56 ./Drivers/STM32L4xx_HAL_Driver/Src/stm32l4xx_hal_adc.o
 *fill*         0x08001ad2        0x2 
 .text.LL_ADC_SetChannelSingleDiff
                0x08001ad4       0x48 ./Drivers/STM32L4xx_HAL_Driver/Src/stm32l4xx_hal_adc.o
 .text.LL_ADC_DisableDeepPowerDown
                0x08001b1c       0x24 ./Drivers/STM32L4xx_HAL_Driver/Src/stm32l4xx_hal_adc.o
 .text.LL_ADC_IsDeepPowerDownEnabled
                0x08001b40       0x28 ./Drivers/STM32L4xx_HAL_Driver/Src/stm32l4xx_hal_adc.o
 .text.LL_ADC_EnableInternalRegulator
                0x08001b68       0x28 ./Drivers/STM32L4xx_HAL_Driver/Src/stm32l4xx_hal_adc.o
 .text.LL_ADC_IsInternalRegulatorEnabled
                0x08001b90       0x28 ./Drivers/STM32L4xx_HAL_Driver/Src/stm32l4xx_hal_adc.o
 .text.LL_ADC_Enable
                0x08001bb8       0x28 ./Drivers/STM32L4xx_HAL_Driver/Src/stm32l4xx_hal_adc.o
 .text.LL_ADC_IsEnabled
                0x08001be0       0x26 ./Drivers/STM32L4xx_HAL_Driver/Src/stm32l4xx_hal_adc.o
 .text.LL_ADC_REG_StartConversion
                0x08001c06       0x28 ./Drivers/STM32L4xx_HAL_Driver/Src/stm32l4xx_hal_adc.o
 .text.LL_ADC_REG_IsConversionOngoing
                0x08001c2e       0x26 ./Drivers/STM32L4xx_HAL_Driver/Src/stm32l4xx_hal_adc.o
 .text.LL_ADC_INJ_IsConversionOngoing
                0x08001c54       0x26 ./Drivers/STM32L4xx_HAL_Driver/Src/stm32l4xx_hal_adc.o
 *fill*         0x08001c7a        0x2 
 .text.HAL_ADC_Init
                0x08001c7c      0x284 ./Drivers/STM32L4xx_HAL_Driver/Src/stm32l4xx_hal_adc.o
                0x08001c7c                HAL_ADC_Init
 .text.HAL_ADC_Start_DMA
                0x08001f00      0x108 ./Drivers/STM32L4xx_HAL_Driver/Src/stm32l4xx_hal_adc.o
                0x08001f00                HAL_ADC_Start_DMA
 .text.HAL_ADC_ConvHalfCpltCallback
                0x08002008       0x14 ./Drivers/STM32L4xx_HAL_Driver/Src/stm32l4xx_hal_adc.o
                0x08002008                HAL_ADC_ConvHalfCpltCallback
 .text.HAL_ADC_ErrorCallback
                0x0800201c       0x14 ./Drivers/STM32L4xx_HAL_Driver/Src/stm32l4xx_hal_adc.o
                0x0800201c                HAL_ADC_ErrorCallback
 .text.HAL_ADC_ConfigChannel
                0x08002030      0x7c4 ./Drivers/STM32L4xx_HAL_Driver/Src/stm32l4xx_hal_adc.o
                0x08002030                HAL_ADC_ConfigChannel
 .text.ADC_Enable
                0x080027f4      0x10c ./Drivers/STM32L4xx_HAL_Driver/Src/stm32l4xx_hal_adc.o
                0x080027f4                ADC_Enable
 .text.ADC_DMAConvCplt
                0x08002900       0xd8 ./Drivers/STM32L4xx_HAL_Driver/Src/stm32l4xx_hal_adc.o
                0x08002900                ADC_DMAConvCplt
 .text.ADC_DMAHalfConvCplt
                0x080029d8       0x1c ./Drivers/STM32L4xx_HAL_Driver/Src/stm32l4xx_hal_adc.o
                0x080029d8                ADC_DMAHalfConvCplt
 .text.ADC_DMAError
                0x080029f4       0x34 ./Drivers/STM32L4xx_HAL_Driver/Src/stm32l4xx_hal_adc.o
                0x080029f4                ADC_DMAError
 .text.__NVIC_SetPriorityGrouping
                0x08002a28       0x48 ./Drivers/STM32L4xx_HAL_Driver/Src/stm32l4xx_hal_cortex.o
 .text.__NVIC_GetPriorityGrouping
                0x08002a70       0x1c ./Drivers/STM32L4xx_HAL_Driver/Src/stm32l4xx_hal_cortex.o
 .text.__NVIC_SetPriority
                0x08002a8c       0x54 ./Drivers/STM32L4xx_HAL_Driver/Src/stm32l4xx_hal_cortex.o
 .text.NVIC_EncodePriority
                0x08002ae0       0x66 ./Drivers/STM32L4xx_HAL_Driver/Src/stm32l4xx_hal_cortex.o
 *fill*         0x08002b46        0x2 
 .text.SysTick_Config
                0x08002b48       0x44 ./Drivers/STM32L4xx_HAL_Driver/Src/stm32l4xx_hal_cortex.o
 .text.HAL_NVIC_SetPriorityGrouping
                0x08002b8c       0x16 ./Drivers/STM32L4xx_HAL_Driver/Src/stm32l4xx_hal_cortex.o
                0x08002b8c                HAL_NVIC_SetPriorityGrouping
 .text.HAL_NVIC_SetPriority
                0x08002ba2       0x38 ./Drivers/STM32L4xx_HAL_Driver/Src/stm32l4xx_hal_cortex.o
                0x08002ba2                HAL_NVIC_SetPriority
 .text.HAL_SYSTICK_Config
                0x08002bda       0x18 ./Drivers/STM32L4xx_HAL_Driver/Src/stm32l4xx_hal_cortex.o
                0x08002bda                HAL_SYSTICK_Config
 .text.HAL_DMA_Start_IT
                0x08002bf2       0xc0 ./Drivers/STM32L4xx_HAL_Driver/Src/stm32l4xx_hal_dma.o
                0x08002bf2                HAL_DMA_Start_IT
 .text.DMA_SetConfig
                0x08002cb2       0x60 ./Drivers/STM32L4xx_HAL_Driver/Src/stm32l4xx_hal_dma.o
 *fill*         0x08002d12        0x2 
 .text.HAL_GPIO_Init
                0x08002d14      0x2d4 ./Drivers/STM32L4xx_HAL_Driver/Src/stm32l4xx_hal_gpio.o
                0x08002d14                HAL_GPIO_Init
 .text.HAL_GPIO_WritePin
                0x08002fe8       0x30 ./Drivers/STM32L4xx_HAL_Driver/Src/stm32l4xx_hal_gpio.o
                0x08002fe8                HAL_GPIO_WritePin
 .text.HAL_PWR_EnableBkUpAccess
                0x08003018       0x20 ./Drivers/STM32L4xx_HAL_Driver/Src/stm32l4xx_hal_pwr.o
                0x08003018                HAL_PWR_EnableBkUpAccess
 .text.HAL_PWREx_GetVoltageRange
                0x08003038       0x1c ./Drivers/STM32L4xx_HAL_Driver/Src/stm32l4xx_hal_pwr_ex.o
                0x08003038                HAL_PWREx_GetVoltageRange
 .text.HAL_PWREx_ControlVoltageScaling
                0x08003054       0xac ./Drivers/STM32L4xx_HAL_Driver/Src/stm32l4xx_hal_pwr_ex.o
                0x08003054                HAL_PWREx_ControlVoltageScaling
 .text.HAL_RCC_OscConfig
                0x08003100      0x828 ./Drivers/STM32L4xx_HAL_Driver/Src/stm32l4xx_hal_rcc.o
                0x08003100                HAL_RCC_OscConfig
 .text.HAL_RCC_ClockConfig
                0x08003928      0x200 ./Drivers/STM32L4xx_HAL_Driver/Src/stm32l4xx_hal_rcc.o
                0x08003928                HAL_RCC_ClockConfig
 .text.HAL_RCC_GetSysClockFreq
                0x08003b28      0x118 ./Drivers/STM32L4xx_HAL_Driver/Src/stm32l4xx_hal_rcc.o
                0x08003b28                HAL_RCC_GetSysClockFreq
 .text.HAL_RCC_GetHCLKFreq
                0x08003c40       0x18 ./Drivers/STM32L4xx_HAL_Driver/Src/stm32l4xx_hal_rcc.o
                0x08003c40                HAL_RCC_GetHCLKFreq
 .text.HAL_RCC_GetPCLK1Freq
                0x08003c58       0x2c ./Drivers/STM32L4xx_HAL_Driver/Src/stm32l4xx_hal_rcc.o
                0x08003c58                HAL_RCC_GetPCLK1Freq
 .text.HAL_RCC_GetPCLK2Freq
                0x08003c84       0x2c ./Drivers/STM32L4xx_HAL_Driver/Src/stm32l4xx_hal_rcc.o
                0x08003c84                HAL_RCC_GetPCLK2Freq
 .text.RCC_SetFlashLatencyFromMSIRange
                0x08003cb0       0xc0 ./Drivers/STM32L4xx_HAL_Driver/Src/stm32l4xx_hal_rcc.o
 .text.HAL_RCCEx_PeriphCLKConfig
                0x08003d70      0x3ec ./Drivers/STM32L4xx_HAL_Driver/Src/stm32l4xx_hal_rcc_ex.o
                0x08003d70                HAL_RCCEx_PeriphCLKConfig
 .text.HAL_RCCEx_EnableMSIPLLMode
                0x0800415c       0x20 ./Drivers/STM32L4xx_HAL_Driver/Src/stm32l4xx_hal_rcc_ex.o
                0x0800415c                HAL_RCCEx_EnableMSIPLLMode
 .text.RCCEx_PLLSAI1_Config
                0x0800417c      0x1e4 ./Drivers/STM32L4xx_HAL_Driver/Src/stm32l4xx_hal_rcc_ex.o
 .text.HAL_UART_Init
                0x08004360       0x9c ./Drivers/STM32L4xx_HAL_Driver/Src/stm32l4xx_hal_uart.o
                0x08004360                HAL_UART_Init
 .text.HAL_UART_Transmit
                0x080043fc      0x112 ./Drivers/STM32L4xx_HAL_Driver/Src/stm32l4xx_hal_uart.o
                0x080043fc                HAL_UART_Transmit
 *fill*         0x0800450e        0x2 
 .text.UART_SetConfig
                0x08004510      0x458 ./Drivers/STM32L4xx_HAL_Driver/Src/stm32l4xx_hal_uart.o
                0x08004510                UART_SetConfig
 .text.UART_AdvFeatureConfig
                0x08004968      0x144 ./Drivers/STM32L4xx_HAL_Driver/Src/stm32l4xx_hal_uart.o
                0x08004968                UART_AdvFeatureConfig
 .text.UART_CheckIdleState
                0x08004aac      0x150 ./Drivers/STM32L4xx_HAL_Driver/Src/stm32l4xx_hal_uart.o
                0x08004aac                UART_CheckIdleState
 .text.UART_WaitOnFlagUntilTimeout
                0x08004bfc       0xda ./Drivers/STM32L4xx_HAL_Driver/Src/stm32l4xx_hal_uart.o
                0x08004bfc                UART_WaitOnFlagUntilTimeout
 .text.UART_EndRxTransfer
                0x08004cd6       0xc8 ./Drivers/STM32L4xx_HAL_Driver/Src/stm32l4xx_hal_uart.o
 .text.__cvt    0x08004d9e       0xca C:/Program Files/STM32CubeIDE_1.19.0/STM32CubeIDE/plugins/com.st.stm32cube.ide.mcu.externaltools.gnu-tools-for-stm32.13.3.rel1.win32_1.0.0.202411081344/tools/bin/../lib/gcc/arm-none-eabi/13.3.1/../../../../arm-none-eabi/lib/thumb/v7e-m+fp/hard\libc_nano.a(libc_a-nano-vfprintf_float.o)
                0x08004d9e                __cvt
 .text.__exponent
                0x08004e68       0x74 C:/Program Files/STM32CubeIDE_1.19.0/STM32CubeIDE/plugins/com.st.stm32cube.ide.mcu.externaltools.gnu-tools-for-stm32.13.3.rel1.win32_1.0.0.202411081344/tools/bin/../lib/gcc/arm-none-eabi/13.3.1/../../../../arm-none-eabi/lib/thumb/v7e-m+fp/hard\libc_nano.a(libc_a-nano-vfprintf_float.o)
                0x08004e68                __exponent
 .text._printf_float
                0x08004edc      0x454 C:/Program Files/STM32CubeIDE_1.19.0/STM32CubeIDE/plugins/com.st.stm32cube.ide.mcu.externaltools.gnu-tools-for-stm32.13.3.rel1.win32_1.0.0.202411081344/tools/bin/../lib/gcc/arm-none-eabi/13.3.1/../../../../arm-none-eabi/lib/thumb/v7e-m+fp/hard\libc_nano.a(libc_a-nano-vfprintf_float.o)
                0x08004edc                _printf_float
 .text._printf_common
                0x08005330       0xda C:/Program Files/STM32CubeIDE_1.19.0/STM32CubeIDE/plugins/com.st.stm32cube.ide.mcu.externaltools.gnu-tools-for-stm32.13.3.rel1.win32_1.0.0.202411081344/tools/bin/../lib/gcc/arm-none-eabi/13.3.1/../../../../arm-none-eabi/lib/thumb/v7e-m+fp/hard\libc_nano.a(libc_a-nano-vfprintf_i.o)
                0x08005330                _printf_common
 *fill*         0x0800540a        0x2 
 .text._printf_i
                0x0800540c      0x23c C:/Program Files/STM32CubeIDE_1.19.0/STM32CubeIDE/plugins/com.st.stm32cube.ide.mcu.externaltools.gnu-tools-for-stm32.13.3.rel1.win32_1.0.0.202411081344/tools/bin/../lib/gcc/arm-none-eabi/13.3.1/../../../../arm-none-eabi/lib/thumb/v7e-m+fp/hard\libc_nano.a(libc_a-nano-vfprintf_i.o)
                0x0800540c                _printf_i
 .text.std      0x08005648       0x6c C:/Program Files/STM32CubeIDE_1.19.0/STM32CubeIDE/plugins/com.st.stm32cube.ide.mcu.externaltools.gnu-tools-for-stm32.13.3.rel1.win32_1.0.0.202411081344/tools/bin/../lib/gcc/arm-none-eabi/13.3.1/../../../../arm-none-eabi/lib/thumb/v7e-m+fp/hard\libc_nano.a(libc_a-findfp.o)
 .text.stdio_exit_handler
                0x080056b4       0x18 C:/Program Files/STM32CubeIDE_1.19.0/STM32CubeIDE/plugins/com.st.stm32cube.ide.mcu.externaltools.gnu-tools-for-stm32.13.3.rel1.win32_1.0.0.202411081344/tools/bin/../lib/gcc/arm-none-eabi/13.3.1/../../../../arm-none-eabi/lib/thumb/v7e-m+fp/hard\libc_nano.a(libc_a-findfp.o)
 .text.cleanup_stdio
                0x080056cc       0x40 C:/Program Files/STM32CubeIDE_1.19.0/STM32CubeIDE/plugins/com.st.stm32cube.ide.mcu.externaltools.gnu-tools-for-stm32.13.3.rel1.win32_1.0.0.202411081344/tools/bin/../lib/gcc/arm-none-eabi/13.3.1/../../../../arm-none-eabi/lib/thumb/v7e-m+fp/hard\libc_nano.a(libc_a-findfp.o)
 .text.global_stdio_init.part.0
                0x0800570c       0x3c C:/Program Files/STM32CubeIDE_1.19.0/STM32CubeIDE/plugins/com.st.stm32cube.ide.mcu.externaltools.gnu-tools-for-stm32.13.3.rel1.win32_1.0.0.202411081344/tools/bin/../lib/gcc/arm-none-eabi/13.3.1/../../../../arm-none-eabi/lib/thumb/v7e-m+fp/hard\libc_nano.a(libc_a-findfp.o)
 .text.__sfp_lock_acquire
                0x08005748        0xc C:/Program Files/STM32CubeIDE_1.19.0/STM32CubeIDE/plugins/com.st.stm32cube.ide.mcu.externaltools.gnu-tools-for-stm32.13.3.rel1.win32_1.0.0.202411081344/tools/bin/../lib/gcc/arm-none-eabi/13.3.1/../../../../arm-none-eabi/lib/thumb/v7e-m+fp/hard\libc_nano.a(libc_a-findfp.o)
                0x08005748                __sfp_lock_acquire
 .text.__sfp_lock_release
                0x08005754        0xc C:/Program Files/STM32CubeIDE_1.19.0/STM32CubeIDE/plugins/com.st.stm32cube.ide.mcu.externaltools.gnu-tools-for-stm32.13.3.rel1.win32_1.0.0.202411081344/tools/bin/../lib/gcc/arm-none-eabi/13.3.1/../../../../arm-none-eabi/lib/thumb/v7e-m+fp/hard\libc_nano.a(libc_a-findfp.o)
                0x08005754                __sfp_lock_release
 .text.__sinit  0x08005760       0x30 C:/Program Files/STM32CubeIDE_1.19.0/STM32CubeIDE/plugins/com.st.stm32cube.ide.mcu.externaltools.gnu-tools-for-stm32.13.3.rel1.win32_1.0.0.202411081344/tools/bin/../lib/gcc/arm-none-eabi/13.3.1/../../../../arm-none-eabi/lib/thumb/v7e-m+fp/hard\libc_nano.a(libc_a-findfp.o)
                0x08005760                __sinit
 .text._fwalk_sglue
                0x08005790       0x3c C:/Program Files/STM32CubeIDE_1.19.0/STM32CubeIDE/plugins/com.st.stm32cube.ide.mcu.externaltools.gnu-tools-for-stm32.13.3.rel1.win32_1.0.0.202411081344/tools/bin/../lib/gcc/arm-none-eabi/13.3.1/../../../../arm-none-eabi/lib/thumb/v7e-m+fp/hard\libc_nano.a(libc_a-fwalk.o)
                0x08005790                _fwalk_sglue
 .text.snprintf
                0x080057cc       0x6c C:/Program Files/STM32CubeIDE_1.19.0/STM32CubeIDE/plugins/com.st.stm32cube.ide.mcu.externaltools.gnu-tools-for-stm32.13.3.rel1.win32_1.0.0.202411081344/tools/bin/../lib/gcc/arm-none-eabi/13.3.1/../../../../arm-none-eabi/lib/thumb/v7e-m+fp/hard\libc_nano.a(libc_a-snprintf.o)
                0x080057cc                sniprintf
                0x080057cc                snprintf
 .text.__sread  0x08005838       0x22 C:/Program Files/STM32CubeIDE_1.19.0/STM32CubeIDE/plugins/com.st.stm32cube.ide.mcu.externaltools.gnu-tools-for-stm32.13.3.rel1.win32_1.0.0.202411081344/tools/bin/../lib/gcc/arm-none-eabi/13.3.1/../../../../arm-none-eabi/lib/thumb/v7e-m+fp/hard\libc_nano.a(libc_a-stdio.o)
                0x08005838                __sread
 .text.__swrite
                0x0800585a       0x38 C:/Program Files/STM32CubeIDE_1.19.0/STM32CubeIDE/plugins/com.st.stm32cube.ide.mcu.externaltools.gnu-tools-for-stm32.13.3.rel1.win32_1.0.0.202411081344/tools/bin/../lib/gcc/arm-none-eabi/13.3.1/../../../../arm-none-eabi/lib/thumb/v7e-m+fp/hard\libc_nano.a(libc_a-stdio.o)
                0x0800585a                __swrite
 .text.__sseek  0x08005892       0x24 C:/Program Files/STM32CubeIDE_1.19.0/STM32CubeIDE/plugins/com.st.stm32cube.ide.mcu.externaltools.gnu-tools-for-stm32.13.3.rel1.win32_1.0.0.202411081344/tools/bin/../lib/gcc/arm-none-eabi/13.3.1/../../../../arm-none-eabi/lib/thumb/v7e-m+fp/hard\libc_nano.a(libc_a-stdio.o)
                0x08005892                __sseek
 .text.__sclose
                0x080058b6        0x8 C:/Program Files/STM32CubeIDE_1.19.0/STM32CubeIDE/plugins/com.st.stm32cube.ide.mcu.externaltools.gnu-tools-for-stm32.13.3.rel1.win32_1.0.0.202411081344/tools/bin/../lib/gcc/arm-none-eabi/13.3.1/../../../../arm-none-eabi/lib/thumb/v7e-m+fp/hard\libc_nano.a(libc_a-stdio.o)
                0x080058b6                __sclose
 .text.memset   0x080058be       0x10 C:/Program Files/STM32CubeIDE_1.19.0/STM32CubeIDE/plugins/com.st.stm32cube.ide.mcu.externaltools.gnu-tools-for-stm32.13.3.rel1.win32_1.0.0.202411081344/tools/bin/../lib/gcc/arm-none-eabi/13.3.1/../../../../arm-none-eabi/lib/thumb/v7e-m+fp/hard\libc_nano.a(libc_a-memset.o)
                0x080058be                memset
 *fill*         0x080058ce        0x2 
 .text._localeconv_r
                0x080058d0        0x8 C:/Program Files/STM32CubeIDE_1.19.0/STM32CubeIDE/plugins/com.st.stm32cube.ide.mcu.externaltools.gnu-tools-for-stm32.13.3.rel1.win32_1.0.0.202411081344/tools/bin/../lib/gcc/arm-none-eabi/13.3.1/../../../../arm-none-eabi/lib/thumb/v7e-m+fp/hard\libc_nano.a(libc_a-localeconv.o)
                0x080058d0                _localeconv_r
 .text._close_r
                0x080058d8       0x20 C:/Program Files/STM32CubeIDE_1.19.0/STM32CubeIDE/plugins/com.st.stm32cube.ide.mcu.externaltools.gnu-tools-for-stm32.13.3.rel1.win32_1.0.0.202411081344/tools/bin/../lib/gcc/arm-none-eabi/13.3.1/../../../../arm-none-eabi/lib/thumb/v7e-m+fp/hard\libc_nano.a(libc_a-closer.o)
                0x080058d8                _close_r
 .text._lseek_r
                0x080058f8       0x24 C:/Program Files/STM32CubeIDE_1.19.0/STM32CubeIDE/plugins/com.st.stm32cube.ide.mcu.externaltools.gnu-tools-for-stm32.13.3.rel1.win32_1.0.0.202411081344/tools/bin/../lib/gcc/arm-none-eabi/13.3.1/../../../../arm-none-eabi/lib/thumb/v7e-m+fp/hard\libc_nano.a(libc_a-lseekr.o)
                0x080058f8                _lseek_r
 .text._read_r  0x0800591c       0x24 C:/Program Files/STM32CubeIDE_1.19.0/STM32CubeIDE/plugins/com.st.stm32cube.ide.mcu.externaltools.gnu-tools-for-stm32.13.3.rel1.win32_1.0.0.202411081344/tools/bin/../lib/gcc/arm-none-eabi/13.3.1/../../../../arm-none-eabi/lib/thumb/v7e-m+fp/hard\libc_nano.a(libc_a-readr.o)
                0x0800591c                _read_r
 .text._write_r
                0x08005940       0x24 C:/Program Files/STM32CubeIDE_1.19.0/STM32CubeIDE/plugins/com.st.stm32cube.ide.mcu.externaltools.gnu-tools-for-stm32.13.3.rel1.win32_1.0.0.202411081344/tools/bin/../lib/gcc/arm-none-eabi/13.3.1/../../../../arm-none-eabi/lib/thumb/v7e-m+fp/hard\libc_nano.a(libc_a-writer.o)
                0x08005940                _write_r
 .text.__errno  0x08005964        0xc C:/Program Files/STM32CubeIDE_1.19.0/STM32CubeIDE/plugins/com.st.stm32cube.ide.mcu.externaltools.gnu-tools-for-stm32.13.3.rel1.win32_1.0.0.202411081344/tools/bin/../lib/gcc/arm-none-eabi/13.3.1/../../../../arm-none-eabi/lib/thumb/v7e-m+fp/hard\libc_nano.a(libc_a-errno.o)
                0x08005964                __errno
 .text.__libc_init_array
                0x08005970       0x48 C:/Program Files/STM32CubeIDE_1.19.0/STM32CubeIDE/plugins/com.st.stm32cube.ide.mcu.externaltools.gnu-tools-for-stm32.13.3.rel1.win32_1.0.0.202411081344/tools/bin/../lib/gcc/arm-none-eabi/13.3.1/../../../../arm-none-eabi/lib/thumb/v7e-m+fp/hard\libc_nano.a(libc_a-init.o)
                0x08005970                __libc_init_array
 .text.__retarget_lock_init_recursive
                0x080059b8        0x2 C:/Program Files/STM32CubeIDE_1.19.0/STM32CubeIDE/plugins/com.st.stm32cube.ide.mcu.externaltools.gnu-tools-for-stm32.13.3.rel1.win32_1.0.0.202411081344/tools/bin/../lib/gcc/arm-none-eabi/13.3.1/../../../../arm-none-eabi/lib/thumb/v7e-m+fp/hard\libc_nano.a(libc_a-lock.o)
                0x080059b8                __retarget_lock_init_recursive
 .text.__retarget_lock_acquire_recursive
                0x080059ba        0x2 C:/Program Files/STM32CubeIDE_1.19.0/STM32CubeIDE/plugins/com.st.stm32cube.ide.mcu.externaltools.gnu-tools-for-stm32.13.3.rel1.win32_1.0.0.202411081344/tools/bin/../lib/gcc/arm-none-eabi/13.3.1/../../../../arm-none-eabi/lib/thumb/v7e-m+fp/hard\libc_nano.a(libc_a-lock.o)
                0x080059ba                __retarget_lock_acquire_recursive
 .text.__retarget_lock_release_recursive
                0x080059bc        0x2 C:/Program Files/STM32CubeIDE_1.19.0/STM32CubeIDE/plugins/com.st.stm32cube.ide.mcu.externaltools.gnu-tools-for-stm32.13.3.rel1.win32_1.0.0.202411081344/tools/bin/../lib/gcc/arm-none-eabi/13.3.1/../../../../arm-none-eabi/lib/thumb/v7e-m+fp/hard\libc_nano.a(libc_a-lock.o)
                0x080059bc                __retarget_lock_release_recursive
 .text.quorem   0x080059be      0x110 C:/Program Files/STM32CubeIDE_1.19.0/STM32CubeIDE/plugins/com.st.stm32cube.ide.mcu.externaltools.gnu-tools-for-stm32.13.3.rel1.win32_1.0.0.202411081344/tools/bin/../lib/gcc/arm-none-eabi/13.3.1/../../../../arm-none-eabi/lib/thumb/v7e-m+fp/hard\libc_nano.a(libc_a-dtoa.o)
 *fill*         0x08005ace        0x2 
 .text._dtoa_r  0x08005ad0      0xba0 C:/Program Files/STM32CubeIDE_1.19.0/STM32CubeIDE/plugins/com.st.stm32cube.ide.mcu.externaltools.gnu-tools-for-stm32.13.3.rel1.win32_1.0.0.202411081344/tools/bin/../lib/gcc/arm-none-eabi/13.3.1/../../../../arm-none-eabi/lib/thumb/v7e-m+fp/hard\libc_nano.a(libc_a-dtoa.o)
                0x08005ad0                _dtoa_r
 .text._free_r  0x08006670       0x94 C:/Program Files/STM32CubeIDE_1.19.0/STM32CubeIDE/plugins/com.st.stm32cube.ide.mcu.externaltools.gnu-tools-for-stm32.13.3.rel1.win32_1.0.0.202411081344/tools/bin/../lib/gcc/arm-none-eabi/13.3.1/../../../../arm-none-eabi/lib/thumb/v7e-m+fp/hard\libc_nano.a(libc_a-freer.o)
                0x08006670                _free_r
 .text.malloc   0x08006704       0x10 C:/Program Files/STM32CubeIDE_1.19.0/STM32CubeIDE/plugins/com.st.stm32cube.ide.mcu.externaltools.gnu-tools-for-stm32.13.3.rel1.win32_1.0.0.202411081344/tools/bin/../lib/gcc/arm-none-eabi/13.3.1/../../../../arm-none-eabi/lib/thumb/v7e-m+fp/hard\libc_nano.a(libc_a-malloc.o)
                0x08006704                malloc
 .text.sbrk_aligned
                0x08006714       0x44 C:/Program Files/STM32CubeIDE_1.19.0/STM32CubeIDE/plugins/com.st.stm32cube.ide.mcu.externaltools.gnu-tools-for-stm32.13.3.rel1.win32_1.0.0.202411081344/tools/bin/../lib/gcc/arm-none-eabi/13.3.1/../../../../arm-none-eabi/lib/thumb/v7e-m+fp/hard\libc_nano.a(libc_a-mallocr.o)
 .text._malloc_r
                0x08006758      0x100 C:/Program Files/STM32CubeIDE_1.19.0/STM32CubeIDE/plugins/com.st.stm32cube.ide.mcu.externaltools.gnu-tools-for-stm32.13.3.rel1.win32_1.0.0.202411081344/tools/bin/../lib/gcc/arm-none-eabi/13.3.1/../../../../arm-none-eabi/lib/thumb/v7e-m+fp/hard\libc_nano.a(libc_a-mallocr.o)
                0x08006758                _malloc_r
 .text.__malloc_lock
                0x08006858        0xc C:/Program Files/STM32CubeIDE_1.19.0/STM32CubeIDE/plugins/com.st.stm32cube.ide.mcu.externaltools.gnu-tools-for-stm32.13.3.rel1.win32_1.0.0.202411081344/tools/bin/../lib/gcc/arm-none-eabi/13.3.1/../../../../arm-none-eabi/lib/thumb/v7e-m+fp/hard\libc_nano.a(libc_a-mlock.o)
                0x08006858                __malloc_lock
 .text.__malloc_unlock
                0x08006864        0xc C:/Program Files/STM32CubeIDE_1.19.0/STM32CubeIDE/plugins/com.st.stm32cube.ide.mcu.externaltools.gnu-tools-for-stm32.13.3.rel1.win32_1.0.0.202411081344/tools/bin/../lib/gcc/arm-none-eabi/13.3.1/../../../../arm-none-eabi/lib/thumb/v7e-m+fp/hard\libc_nano.a(libc_a-mlock.o)
                0x08006864                __malloc_unlock
 .text._Balloc  0x08006870       0x80 C:/Program Files/STM32CubeIDE_1.19.0/STM32CubeIDE/plugins/com.st.stm32cube.ide.mcu.externaltools.gnu-tools-for-stm32.13.3.rel1.win32_1.0.0.202411081344/tools/bin/../lib/gcc/arm-none-eabi/13.3.1/../../../../arm-none-eabi/lib/thumb/v7e-m+fp/hard\libc_nano.a(libc_a-mprec.o)
                0x08006870                _Balloc
 .text._Bfree   0x080068f0       0x44 C:/Program Files/STM32CubeIDE_1.19.0/STM32CubeIDE/plugins/com.st.stm32cube.ide.mcu.externaltools.gnu-tools-for-stm32.13.3.rel1.win32_1.0.0.202411081344/tools/bin/../lib/gcc/arm-none-eabi/13.3.1/../../../../arm-none-eabi/lib/thumb/v7e-m+fp/hard\libc_nano.a(libc_a-mprec.o)
                0x080068f0                _Bfree
 .text.__multadd
                0x08006934       0x8c C:/Program Files/STM32CubeIDE_1.19.0/STM32CubeIDE/plugins/com.st.stm32cube.ide.mcu.externaltools.gnu-tools-for-stm32.13.3.rel1.win32_1.0.0.202411081344/tools/bin/../lib/gcc/arm-none-eabi/13.3.1/../../../../arm-none-eabi/lib/thumb/v7e-m+fp/hard\libc_nano.a(libc_a-mprec.o)
                0x08006934                __multadd
 .text.__hi0bits
                0x080069c0       0x3e C:/Program Files/STM32CubeIDE_1.19.0/STM32CubeIDE/plugins/com.st.stm32cube.ide.mcu.externaltools.gnu-tools-for-stm32.13.3.rel1.win32_1.0.0.202411081344/tools/bin/../lib/gcc/arm-none-eabi/13.3.1/../../../../arm-none-eabi/lib/thumb/v7e-m+fp/hard\libc_nano.a(libc_a-mprec.o)
                0x080069c0                __hi0bits
 .text.__lo0bits
                0x080069fe       0x5a C:/Program Files/STM32CubeIDE_1.19.0/STM32CubeIDE/plugins/com.st.stm32cube.ide.mcu.externaltools.gnu-tools-for-stm32.13.3.rel1.win32_1.0.0.202411081344/tools/bin/../lib/gcc/arm-none-eabi/13.3.1/../../../../arm-none-eabi/lib/thumb/v7e-m+fp/hard\libc_nano.a(libc_a-mprec.o)
                0x080069fe                __lo0bits
 .text.__i2b    0x08006a58       0x2c C:/Program Files/STM32CubeIDE_1.19.0/STM32CubeIDE/plugins/com.st.stm32cube.ide.mcu.externaltools.gnu-tools-for-stm32.13.3.rel1.win32_1.0.0.202411081344/tools/bin/../lib/gcc/arm-none-eabi/13.3.1/../../../../arm-none-eabi/lib/thumb/v7e-m+fp/hard\libc_nano.a(libc_a-mprec.o)
                0x08006a58                __i2b
 .text.__multiply
                0x08006a84      0x144 C:/Program Files/STM32CubeIDE_1.19.0/STM32CubeIDE/plugins/com.st.stm32cube.ide.mcu.externaltools.gnu-tools-for-stm32.13.3.rel1.win32_1.0.0.202411081344/tools/bin/../lib/gcc/arm-none-eabi/13.3.1/../../../../arm-none-eabi/lib/thumb/v7e-m+fp/hard\libc_nano.a(libc_a-mprec.o)
                0x08006a84                __multiply
 .text.__pow5mult
                0x08006bc8       0xb4 C:/Program Files/STM32CubeIDE_1.19.0/STM32CubeIDE/plugins/com.st.stm32cube.ide.mcu.externaltools.gnu-tools-for-stm32.13.3.rel1.win32_1.0.0.202411081344/tools/bin/../lib/gcc/arm-none-eabi/13.3.1/../../../../arm-none-eabi/lib/thumb/v7e-m+fp/hard\libc_nano.a(libc_a-mprec.o)
                0x08006bc8                __pow5mult
 .text.__lshift
                0x08006c7c       0xd8 C:/Program Files/STM32CubeIDE_1.19.0/STM32CubeIDE/plugins/com.st.stm32cube.ide.mcu.externaltools.gnu-tools-for-stm32.13.3.rel1.win32_1.0.0.202411081344/tools/bin/../lib/gcc/arm-none-eabi/13.3.1/../../../../arm-none-eabi/lib/thumb/v7e-m+fp/hard\libc_nano.a(libc_a-mprec.o)
                0x08006c7c                __lshift
 .text.__mcmp   0x08006d54       0x36 C:/Program Files/STM32CubeIDE_1.19.0/STM32CubeIDE/plugins/com.st.stm32cube.ide.mcu.externaltools.gnu-tools-for-stm32.13.3.rel1.win32_1.0.0.202411081344/tools/bin/../lib/gcc/arm-none-eabi/13.3.1/../../../../arm-none-eabi/lib/thumb/v7e-m+fp/hard\libc_nano.a(libc_a-mprec.o)
                0x08006d54                __mcmp
 *fill*         0x08006d8a        0x2 
 .text.__mdiff  0x08006d8c      0x128 C:/Program Files/STM32CubeIDE_1.19.0/STM32CubeIDE/plugins/com.st.stm32cube.ide.mcu.externaltools.gnu-tools-for-stm32.13.3.rel1.win32_1.0.0.202411081344/tools/bin/../lib/gcc/arm-none-eabi/13.3.1/../../../../arm-none-eabi/lib/thumb/v7e-m+fp/hard\libc_nano.a(libc_a-mprec.o)
                0x08006d8c                __mdiff
 .text.__d2b    0x08006eb4       0xb0 C:/Program Files/STM32CubeIDE_1.19.0/STM32CubeIDE/plugins/com.st.stm32cube.ide.mcu.externaltools.gnu-tools-for-stm32.13.3.rel1.win32_1.0.0.202411081344/tools/bin/../lib/gcc/arm-none-eabi/13.3.1/../../../../arm-none-eabi/lib/thumb/v7e-m+fp/hard\libc_nano.a(libc_a-mprec.o)
                0x08006eb4                __d2b
 .text.__ssputs_r
                0x08006f64       0xb6 C:/Program Files/STM32CubeIDE_1.19.0/STM32CubeIDE/plugins/com.st.stm32cube.ide.mcu.externaltools.gnu-tools-for-stm32.13.3.rel1.win32_1.0.0.202411081344/tools/bin/../lib/gcc/arm-none-eabi/13.3.1/../../../../arm-none-eabi/lib/thumb/v7e-m+fp/hard\libc_nano.a(libc_a-nano-svfprintf.o)
                0x08006f64                __ssputs_r
 *fill*         0x0800701a        0x2 
 .text._svfprintf_r
                0x0800701c      0x1f8 C:/Program Files/STM32CubeIDE_1.19.0/STM32CubeIDE/plugins/com.st.stm32cube.ide.mcu.externaltools.gnu-tools-for-stm32.13.3.rel1.win32_1.0.0.202411081344/tools/bin/../lib/gcc/arm-none-eabi/13.3.1/../../../../arm-none-eabi/lib/thumb/v7e-m+fp/hard\libc_nano.a(libc_a-nano-svfprintf.o)
                0x0800701c                _svfiprintf_r
                0x0800701c                _svfprintf_r
 .text.__sflush_r
                0x08007214      0x108 C:/Program Files/STM32CubeIDE_1.19.0/STM32CubeIDE/plugins/com.st.stm32cube.ide.mcu.externaltools.gnu-tools-for-stm32.13.3.rel1.win32_1.0.0.202411081344/tools/bin/../lib/gcc/arm-none-eabi/13.3.1/../../../../arm-none-eabi/lib/thumb/v7e-m+fp/hard\libc_nano.a(libc_a-fflush.o)
                0x08007214                __sflush_r
 .text._fflush_r
                0x0800731c       0x50 C:/Program Files/STM32CubeIDE_1.19.0/STM32CubeIDE/plugins/com.st.stm32cube.ide.mcu.externaltools.gnu-tools-for-stm32.13.3.rel1.win32_1.0.0.202411081344/tools/bin/../lib/gcc/arm-none-eabi/13.3.1/../../../../arm-none-eabi/lib/thumb/v7e-m+fp/hard\libc_nano.a(libc_a-fflush.o)
                0x0800731c                _fflush_r
 .text.memmove  0x0800736c       0x34 C:/Program Files/STM32CubeIDE_1.19.0/STM32CubeIDE/plugins/com.st.stm32cube.ide.mcu.externaltools.gnu-tools-for-stm32.13.3.rel1.win32_1.0.0.202411081344/tools/bin/../lib/gcc/arm-none-eabi/13.3.1/../../../../arm-none-eabi/lib/thumb/v7e-m+fp/hard\libc_nano.a(libc_a-memmove.o)
                0x0800736c                memmove
 .text._sbrk_r  0x080073a0       0x20 C:/Program Files/STM32CubeIDE_1.19.0/STM32CubeIDE/plugins/com.st.stm32cube.ide.mcu.externaltools.gnu-tools-for-stm32.13.3.rel1.win32_1.0.0.202411081344/tools/bin/../lib/gcc/arm-none-eabi/13.3.1/../../../../arm-none-eabi/lib/thumb/v7e-m+fp/hard\libc_nano.a(libc_a-sbrkr.o)
                0x080073a0                _sbrk_r
 .text.memcpy   0x080073c0       0x1c C:/Program Files/STM32CubeIDE_1.19.0/STM32CubeIDE/plugins/com.st.stm32cube.ide.mcu.externaltools.gnu-tools-for-stm32.13.3.rel1.win32_1.0.0.202411081344/tools/bin/../lib/gcc/arm-none-eabi/13.3.1/../../../../arm-none-eabi/lib/thumb/v7e-m+fp/hard\libc_nano.a(libc_a-memcpy-stub.o)
                0x080073c0                memcpy
 .text.__assert_func
                0x080073dc       0x3c C:/Program Files/STM32CubeIDE_1.19.0/STM32CubeIDE/plugins/com.st.stm32cube.ide.mcu.externaltools.gnu-tools-for-stm32.13.3.rel1.win32_1.0.0.202411081344/tools/bin/../lib/gcc/arm-none-eabi/13.3.1/../../../../arm-none-eabi/lib/thumb/v7e-m+fp/hard\libc_nano.a(libc_a-assert.o)
                0x080073dc                __assert_func
 .text._calloc_r
                0x08007418       0x28 C:/Program Files/STM32CubeIDE_1.19.0/STM32CubeIDE/plugins/com.st.stm32cube.ide.mcu.externaltools.gnu-tools-for-stm32.13.3.rel1.win32_1.0.0.202411081344/tools/bin/../lib/gcc/arm-none-eabi/13.3.1/../../../../arm-none-eabi/lib/thumb/v7e-m+fp/hard\libc_nano.a(libc_a-callocr.o)
                0x08007418                _calloc_r
 .text.__ascii_mbtowc
                0x08007440       0x24 C:/Program Files/STM32CubeIDE_1.19.0/STM32CubeIDE/plugins/com.st.stm32cube.ide.mcu.externaltools.gnu-tools-for-stm32.13.3.rel1.win32_1.0.0.202411081344/tools/bin/../lib/gcc/arm-none-eabi/13.3.1/../../../../arm-none-eabi/lib/thumb/v7e-m+fp/hard\libc_nano.a(libc_a-mbtowc_r.o)
                0x08007440                __ascii_mbtowc
 .text._realloc_r
                0x08007464       0x5c C:/Program Files/STM32CubeIDE_1.19.0/STM32CubeIDE/plugins/com.st.stm32cube.ide.mcu.externaltools.gnu-tools-for-stm32.13.3.rel1.win32_1.0.0.202411081344/tools/bin/../lib/gcc/arm-none-eabi/13.3.1/../../../../arm-none-eabi/lib/thumb/v7e-m+fp/hard\libc_nano.a(libc_a-reallocr.o)
                0x08007464                _realloc_r
 .text.__ascii_wctomb
                0x080074c0       0x1a C:/Program Files/STM32CubeIDE_1.19.0/STM32CubeIDE/plugins/com.st.stm32cube.ide.mcu.externaltools.gnu-tools-for-stm32.13.3.rel1.win32_1.0.0.202411081344/tools/bin/../lib/gcc/arm-none-eabi/13.3.1/../../../../arm-none-eabi/lib/thumb/v7e-m+fp/hard\libc_nano.a(libc_a-wctomb_r.o)
                0x080074c0                __ascii_wctomb
 *fill*         0x080074da        0x2 
 .text.fprintf  0x080074dc       0x24 C:/Program Files/STM32CubeIDE_1.19.0/STM32CubeIDE/plugins/com.st.stm32cube.ide.mcu.externaltools.gnu-tools-for-stm32.13.3.rel1.win32_1.0.0.202411081344/tools/bin/../lib/gcc/arm-none-eabi/13.3.1/../../../../arm-none-eabi/lib/thumb/v7e-m+fp/hard\libc_nano.a(libc_a-fprintf.o)
                0x080074dc                fiprintf
                0x080074dc                fprintf
 .text.abort    0x08007500        0xe C:/Program Files/STM32CubeIDE_1.19.0/STM32CubeIDE/plugins/com.st.stm32cube.ide.mcu.externaltools.gnu-tools-for-stm32.13.3.rel1.win32_1.0.0.202411081344/tools/bin/../lib/gcc/arm-none-eabi/13.3.1/../../../../arm-none-eabi/lib/thumb/v7e-m+fp/hard\libc_nano.a(libc_a-abort.o)
                0x08007500                abort
 .text._malloc_usable_size_r
                0x0800750e       0x10 C:/Program Files/STM32CubeIDE_1.19.0/STM32CubeIDE/plugins/com.st.stm32cube.ide.mcu.externaltools.gnu-tools-for-stm32.13.3.rel1.win32_1.0.0.202411081344/tools/bin/../lib/gcc/arm-none-eabi/13.3.1/../../../../arm-none-eabi/lib/thumb/v7e-m+fp/hard\libc_nano.a(libc_a-msizer.o)
                0x0800750e                _malloc_usable_size_r
 .text.__sfputc_r
                0x0800751e       0x2e C:/Program Files/STM32CubeIDE_1.19.0/STM32CubeIDE/plugins/com.st.stm32cube.ide.mcu.externaltools.gnu-tools-for-stm32.13.3.rel1.win32_1.0.0.202411081344/tools/bin/../lib/gcc/arm-none-eabi/13.3.1/../../../../arm-none-eabi/lib/thumb/v7e-m+fp/hard\libc_nano.a(libc_a-nano-vfprintf.o)
 .text.__sfputs_r
                0x0800754c       0x24 C:/Program Files/STM32CubeIDE_1.19.0/STM32CubeIDE/plugins/com.st.stm32cube.ide.mcu.externaltools.gnu-tools-for-stm32.13.3.rel1.win32_1.0.0.202411081344/tools/bin/../lib/gcc/arm-none-eabi/13.3.1/../../../../arm-none-eabi/lib/thumb/v7e-m+fp/hard\libc_nano.a(libc_a-nano-vfprintf.o)
                0x0800754c                __sfputs_r
 .text._vfprintf_r
                0x08007570      0x230 C:/Program Files/STM32CubeIDE_1.19.0/STM32CubeIDE/plugins/com.st.stm32cube.ide.mcu.externaltools.gnu-tools-for-stm32.13.3.rel1.win32_1.0.0.202411081344/tools/bin/../lib/gcc/arm-none-eabi/13.3.1/../../../../arm-none-eabi/lib/thumb/v7e-m+fp/hard\libc_nano.a(libc_a-nano-vfprintf.o)
                0x08007570                _vfprintf_r
                0x08007570                _vfiprintf_r
 .text.__swbuf_r
                0x080077a0       0x7c C:/Program Files/STM32CubeIDE_1.19.0/STM32CubeIDE/plugins/com.st.stm32cube.ide.mcu.externaltools.gnu-tools-for-stm32.13.3.rel1.win32_1.0.0.202411081344/tools/bin/../lib/gcc/arm-none-eabi/13.3.1/../../../../arm-none-eabi/lib/thumb/v7e-m+fp/hard\libc_nano.a(libc_a-wbuf.o)
                0x080077a0                __swbuf_r
 .text.__swsetup_r
                0x0800781c       0xac C:/Program Files/STM32CubeIDE_1.19.0/STM32CubeIDE/plugins/com.st.stm32cube.ide.mcu.externaltools.gnu-tools-for-stm32.13.3.rel1.win32_1.0.0.202411081344/tools/bin/../lib/gcc/arm-none-eabi/13.3.1/../../../../arm-none-eabi/lib/thumb/v7e-m+fp/hard\libc_nano.a(libc_a-wsetup.o)
                0x0800781c                __swsetup_r
 .text._raise_r
                0x080078c8       0x50 C:/Program Files/STM32CubeIDE_1.19.0/STM32CubeIDE/plugins/com.st.stm32cube.ide.mcu.externaltools.gnu-tools-for-stm32.13.3.rel1.win32_1.0.0.202411081344/tools/bin/../lib/gcc/arm-none-eabi/13.3.1/../../../../arm-none-eabi/lib/thumb/v7e-m+fp/hard\libc_nano.a(libc_a-signal.o)
                0x080078c8                _raise_r
 .text.raise    0x08007918       0x10 C:/Program Files/STM32CubeIDE_1.19.0/STM32CubeIDE/plugins/com.st.stm32cube.ide.mcu.externaltools.gnu-tools-for-stm32.13.3.rel1.win32_1.0.0.202411081344/tools/bin/../lib/gcc/arm-none-eabi/13.3.1/../../../../arm-none-eabi/lib/thumb/v7e-m+fp/hard\libc_nano.a(libc_a-signal.o)
                0x08007918                raise
 .text._kill_r  0x08007928       0x24 C:/Program Files/STM32CubeIDE_1.19.0/STM32CubeIDE/plugins/com.st.stm32cube.ide.mcu.externaltools.gnu-tools-for-stm32.13.3.rel1.win32_1.0.0.202411081344/tools/bin/../lib/gcc/arm-none-eabi/13.3.1/../../../../arm-none-eabi/lib/thumb/v7e-m+fp/hard\libc_nano.a(libc_a-signalr.o)
                0x08007928                _kill_r
 .text._getpid_r
                0x0800794c        0x4 C:/Program Files/STM32CubeIDE_1.19.0/STM32CubeIDE/plugins/com.st.stm32cube.ide.mcu.externaltools.gnu-tools-for-stm32.13.3.rel1.win32_1.0.0.202411081344/tools/bin/../lib/gcc/arm-none-eabi/13.3.1/../../../../arm-none-eabi/lib/thumb/v7e-m+fp/hard\libc_nano.a(libc_a-signalr.o)
                0x0800794c                _getpid_r
 .text.__swhatbuf_r
                0x08007950       0x4c C:/Program Files/STM32CubeIDE_1.19.0/STM32CubeIDE/plugins/com.st.stm32cube.ide.mcu.externaltools.gnu-tools-for-stm32.13.3.rel1.win32_1.0.0.202411081344/tools/bin/../lib/gcc/arm-none-eabi/13.3.1/../../../../arm-none-eabi/lib/thumb/v7e-m+fp/hard\libc_nano.a(libc_a-makebuf.o)
                0x08007950                __swhatbuf_r
 .text.__smakebuf_r
                0x0800799c       0x78 C:/Program Files/STM32CubeIDE_1.19.0/STM32CubeIDE/plugins/com.st.stm32cube.ide.mcu.externaltools.gnu-tools-for-stm32.13.3.rel1.win32_1.0.0.202411081344/tools/bin/../lib/gcc/arm-none-eabi/13.3.1/../../../../arm-none-eabi/lib/thumb/v7e-m+fp/hard\libc_nano.a(libc_a-makebuf.o)
                0x0800799c                __smakebuf_r
 .text._fstat_r
                0x08007a14       0x24 C:/Program Files/STM32CubeIDE_1.19.0/STM32CubeIDE/plugins/com.st.stm32cube.ide.mcu.externaltools.gnu-tools-for-stm32.13.3.rel1.win32_1.0.0.202411081344/tools/bin/../lib/gcc/arm-none-eabi/13.3.1/../../../../arm-none-eabi/lib/thumb/v7e-m+fp/hard\libc_nano.a(libc_a-fstatr.o)
                0x08007a14                _fstat_r
 .text._isatty_r
                0x08007a38       0x20 C:/Program Files/STM32CubeIDE_1.19.0/STM32CubeIDE/plugins/com.st.stm32cube.ide.mcu.externaltools.gnu-tools-for-stm32.13.3.rel1.win32_1.0.0.202411081344/tools/bin/../lib/gcc/arm-none-eabi/13.3.1/../../../../arm-none-eabi/lib/thumb/v7e-m+fp/hard\libc_nano.a(libc_a-isattyr.o)
                0x08007a38                _isatty_r
 *(.glue_7)
 .glue_7        0x08007a58        0x0 linker stubs
 *(.glue_7t)
 .glue_7t       0x08007a58        0x0 linker stubs
 *(.eh_frame)
 .eh_frame      0x08007a58        0x0 C:/Program Files/STM32CubeIDE_1.19.0/STM32CubeIDE/plugins/com.st.stm32cube.ide.mcu.externaltools.gnu-tools-for-stm32.13.3.rel1.win32_1.0.0.202411081344/tools/bin/../lib/gcc/arm-none-eabi/13.3.1/thumb/v7e-m+fp/hard/crtbegin.o
 *(.init)
 .init          0x08007a58        0x4 C:/Program Files/STM32CubeIDE_1.19.0/STM32CubeIDE/plugins/com.st.stm32cube.ide.mcu.externaltools.gnu-tools-for-stm32.13.3.rel1.win32_1.0.0.202411081344/tools/bin/../lib/gcc/arm-none-eabi/13.3.1/thumb/v7e-m+fp/hard/crti.o
                0x08007a58                _init
 .init          0x08007a5c        0x8 C:/Program Files/STM32CubeIDE_1.19.0/STM32CubeIDE/plugins/com.st.stm32cube.ide.mcu.externaltools.gnu-tools-for-stm32.13.3.rel1.win32_1.0.0.202411081344/tools/bin/../lib/gcc/arm-none-eabi/13.3.1/thumb/v7e-m+fp/hard/crtn.o
 *(.fini)
 .fini          0x08007a64        0x4 C:/Program Files/STM32CubeIDE_1.19.0/STM32CubeIDE/plugins/com.st.stm32cube.ide.mcu.externaltools.gnu-tools-for-stm32.13.3.rel1.win32_1.0.0.202411081344/tools/bin/../lib/gcc/arm-none-eabi/13.3.1/thumb/v7e-m+fp/hard/crti.o
                0x08007a64                _fini
 .fini          0x08007a68        0x8 C:/Program Files/STM32CubeIDE_1.19.0/STM32CubeIDE/plugins/com.st.stm32cube.ide.mcu.externaltools.gnu-tools-for-stm32.13.3.rel1.win32_1.0.0.202411081344/tools/bin/../lib/gcc/arm-none-eabi/13.3.1/thumb/v7e-m+fp/hard/crtn.o
                0x08007a70                        . = ALIGN (0x4)
                0x08007a70                        _etext = .

.vfp11_veneer   0x08007a70        0x0
 .vfp11_veneer  0x08007a70        0x0 linker stubs

.v4_bx          0x08007a70        0x0
 .v4_bx         0x08007a70        0x0 linker stubs

.iplt           0x08007a70        0x0
 .iplt          0x08007a70        0x0 C:/Program Files/STM32CubeIDE_1.19.0/STM32CubeIDE/plugins/com.st.stm32cube.ide.mcu.externaltools.gnu-tools-for-stm32.13.3.rel1.win32_1.0.0.202411081344/tools/bin/../lib/gcc/arm-none-eabi/13.3.1/thumb/v7e-m+fp/hard/crtbegin.o

.rodata         0x08007a70      0x3c4
                0x08007a70                        . = ALIGN (0x4)
 *(.rodata)
 .rodata        0x08007a70        0x6 ./Core/Src/main.o
 *(.rodata*)
 *fill*         0x08007a76        0x2 
 .rodata.AHBPrescTable
                0x08007a78       0x10 ./Core/Src/system_stm32l4xx.o
                0x08007a78                AHBPrescTable
 .rodata.APBPrescTable
                0x08007a88        0x8 ./Core/Src/system_stm32l4xx.o
                0x08007a88                APBPrescTable
 .rodata.MSIRangeTable
                0x08007a90       0x30 ./Core/Src/system_stm32l4xx.o
                0x08007a90                MSIRangeTable
 .rodata._printf_float.str1.1
                0x08007ac0      0x171 C:/Program Files/STM32CubeIDE_1.19.0/STM32CubeIDE/plugins/com.st.stm32cube.ide.mcu.externaltools.gnu-tools-for-stm32.13.3.rel1.win32_1.0.0.202411081344/tools/bin/../lib/gcc/arm-none-eabi/13.3.1/../../../../arm-none-eabi/lib/thumb/v7e-m+fp/hard\libc_nano.a(libc_a-nano-vfprintf_float.o)
                                 0x12 (size before relaxing)
 .rodata._printf_i.str1.1
                0x08007c31       0x22 C:/Program Files/STM32CubeIDE_1.19.0/STM32CubeIDE/plugins/com.st.stm32cube.ide.mcu.externaltools.gnu-tools-for-stm32.13.3.rel1.win32_1.0.0.202411081344/tools/bin/../lib/gcc/arm-none-eabi/13.3.1/../../../../arm-none-eabi/lib/thumb/v7e-m+fp/hard\libc_nano.a(libc_a-nano-vfprintf_i.o)
 .rodata._dtoa_r.str1.1
                0x08007c31       0x8f C:/Program Files/STM32CubeIDE_1.19.0/STM32CubeIDE/plugins/com.st.stm32cube.ide.mcu.externaltools.gnu-tools-for-stm32.13.3.rel1.win32_1.0.0.202411081344/tools/bin/../lib/gcc/arm-none-eabi/13.3.1/../../../../arm-none-eabi/lib/thumb/v7e-m+fp/hard\libc_nano.a(libc_a-dtoa.o)
 .rodata._Balloc.str1.1
                0x08007c31       0x70 C:/Program Files/STM32CubeIDE_1.19.0/STM32CubeIDE/plugins/com.st.stm32cube.ide.mcu.externaltools.gnu-tools-for-stm32.13.3.rel1.win32_1.0.0.202411081344/tools/bin/../lib/gcc/arm-none-eabi/13.3.1/../../../../arm-none-eabi/lib/thumb/v7e-m+fp/hard\libc_nano.a(libc_a-mprec.o)
 .rodata.__multadd.str1.1
                0x08007c31       0x11 C:/Program Files/STM32CubeIDE_1.19.0/STM32CubeIDE/plugins/com.st.stm32cube.ide.mcu.externaltools.gnu-tools-for-stm32.13.3.rel1.win32_1.0.0.202411081344/tools/bin/../lib/gcc/arm-none-eabi/13.3.1/../../../../arm-none-eabi/lib/thumb/v7e-m+fp/hard\libc_nano.a(libc_a-mprec.o)
 *fill*         0x08007c31        0x3 
 .rodata.p05.0  0x08007c34        0xc C:/Program Files/STM32CubeIDE_1.19.0/STM32CubeIDE/plugins/com.st.stm32cube.ide.mcu.externaltools.gnu-tools-for-stm32.13.3.rel1.win32_1.0.0.202411081344/tools/bin/../lib/gcc/arm-none-eabi/13.3.1/../../../../arm-none-eabi/lib/thumb/v7e-m+fp/hard\libc_nano.a(libc_a-mprec.o)
 .rodata.__mprec_bigtens
                0x08007c40       0x28 C:/Program Files/STM32CubeIDE_1.19.0/STM32CubeIDE/plugins/com.st.stm32cube.ide.mcu.externaltools.gnu-tools-for-stm32.13.3.rel1.win32_1.0.0.202411081344/tools/bin/../lib/gcc/arm-none-eabi/13.3.1/../../../../arm-none-eabi/lib/thumb/v7e-m+fp/hard\libc_nano.a(libc_a-mprec.o)
                0x08007c40                __mprec_bigtens
 .rodata.__mprec_tens
                0x08007c68       0xc8 C:/Program Files/STM32CubeIDE_1.19.0/STM32CubeIDE/plugins/com.st.stm32cube.ide.mcu.externaltools.gnu-tools-for-stm32.13.3.rel1.win32_1.0.0.202411081344/tools/bin/../lib/gcc/arm-none-eabi/13.3.1/../../../../arm-none-eabi/lib/thumb/v7e-m+fp/hard\libc_nano.a(libc_a-mprec.o)
                0x08007c68                __mprec_tens
 .rodata._svfprintf_r.str1.1
                0x08007d30       0x11 C:/Program Files/STM32CubeIDE_1.19.0/STM32CubeIDE/plugins/com.st.stm32cube.ide.mcu.externaltools.gnu-tools-for-stm32.13.3.rel1.win32_1.0.0.202411081344/tools/bin/../lib/gcc/arm-none-eabi/13.3.1/../../../../arm-none-eabi/lib/thumb/v7e-m+fp/hard\libc_nano.a(libc_a-nano-svfprintf.o)
 .rodata._setlocale_r.str1.1
                0x08007d30        0x9 C:/Program Files/STM32CubeIDE_1.19.0/STM32CubeIDE/plugins/com.st.stm32cube.ide.mcu.externaltools.gnu-tools-for-stm32.13.3.rel1.win32_1.0.0.202411081344/tools/bin/../lib/gcc/arm-none-eabi/13.3.1/../../../../arm-none-eabi/lib/thumb/v7e-m+fp/hard\libc_nano.a(libc_a-locale.o)
 .rodata.str1.1
                0x08007d30        0x2 C:/Program Files/STM32CubeIDE_1.19.0/STM32CubeIDE/plugins/com.st.stm32cube.ide.mcu.externaltools.gnu-tools-for-stm32.13.3.rel1.win32_1.0.0.202411081344/tools/bin/../lib/gcc/arm-none-eabi/13.3.1/../../../../arm-none-eabi/lib/thumb/v7e-m+fp/hard\libc_nano.a(libc_a-locale.o)
 .rodata.__assert_func.str1.1
                0x08007d30       0x3d C:/Program Files/STM32CubeIDE_1.19.0/STM32CubeIDE/plugins/com.st.stm32cube.ide.mcu.externaltools.gnu-tools-for-stm32.13.3.rel1.win32_1.0.0.202411081344/tools/bin/../lib/gcc/arm-none-eabi/13.3.1/../../../../arm-none-eabi/lib/thumb/v7e-m+fp/hard\libc_nano.a(libc_a-assert.o)
 .rodata._ctype_
                0x08007d30      0x101 C:/Program Files/STM32CubeIDE_1.19.0/STM32CubeIDE/plugins/com.st.stm32cube.ide.mcu.externaltools.gnu-tools-for-stm32.13.3.rel1.win32_1.0.0.202411081344/tools/bin/../lib/gcc/arm-none-eabi/13.3.1/../../../../arm-none-eabi/lib/thumb/v7e-m+fp/hard\libc_nano.a(libc_a-ctype_.o)
                0x08007d30                _ctype_
 .rodata._vfprintf_r.str1.1
                0x08007e31       0x11 C:/Program Files/STM32CubeIDE_1.19.0/STM32CubeIDE/plugins/com.st.stm32cube.ide.mcu.externaltools.gnu-tools-for-stm32.13.3.rel1.win32_1.0.0.202411081344/tools/bin/../lib/gcc/arm-none-eabi/13.3.1/../../../../arm-none-eabi/lib/thumb/v7e-m+fp/hard\libc_nano.a(libc_a-nano-vfprintf.o)
                0x08007e44                        . = ALIGN (0x4)
 *fill*         0x08007e31        0x3 

.ARM.extab      0x08007e34        0x0
                0x08007e34                        . = ALIGN (0x4)
 *(.ARM.extab* .gnu.linkonce.armextab.*)
                0x08007e34                        . = ALIGN (0x4)

.ARM            0x08007e34        0x8
                0x08007e34                        . = ALIGN (0x4)
                0x08007e34                        __exidx_start = .
 *(.ARM.exidx*)
 .ARM.exidx     0x08007e34        0x8 C:/Program Files/STM32CubeIDE_1.19.0/STM32CubeIDE/plugins/com.st.stm32cube.ide.mcu.externaltools.gnu-tools-for-stm32.13.3.rel1.win32_1.0.0.202411081344/tools/bin/../lib/gcc/arm-none-eabi/13.3.1/../../../../arm-none-eabi/lib/thumb/v7e-m+fp/hard\libc_nano.a(libc_a-memchr.o)
 .ARM.exidx     0x08007e3c        0x0 C:/Program Files/STM32CubeIDE_1.19.0/STM32CubeIDE/plugins/com.st.stm32cube.ide.mcu.externaltools.gnu-tools-for-stm32.13.3.rel1.win32_1.0.0.202411081344/tools/bin/../lib/gcc/arm-none-eabi/13.3.1/../../../../arm-none-eabi/lib/thumb/v7e-m+fp/hard\libc_nano.a(libc_a-strlen.o)
                                  0x8 (size before relaxing)
 .ARM.exidx     0x08007e3c        0x0 C:/Program Files/STM32CubeIDE_1.19.0/STM32CubeIDE/plugins/com.st.stm32cube.ide.mcu.externaltools.gnu-tools-for-stm32.13.3.rel1.win32_1.0.0.202411081344/tools/bin/../lib/gcc/arm-none-eabi/13.3.1/thumb/v7e-m+fp/hard\libgcc.a(_udivmoddi4.o)
                                  0x8 (size before relaxing)
                0x08007e3c                        __exidx_end = .
                0x08007e3c                        . = ALIGN (0x4)

.preinit_array  0x08007e3c        0x0
                0x08007e3c                        . = ALIGN (0x4)
                0x08007e3c                        PROVIDE (__preinit_array_start = .)
 *(.preinit_array*)
                0x08007e3c                        PROVIDE (__preinit_array_end = .)
                0x08007e3c                        . = ALIGN (0x4)

.init_array     0x08007e3c        0x4
                0x08007e3c                        . = ALIGN (0x4)
                0x08007e3c                        PROVIDE (__init_array_start = .)
 *(SORT_BY_NAME(.init_array.*))
 *(.init_array*)
 .init_array    0x08007e3c        0x4 C:/Program Files/STM32CubeIDE_1.19.0/STM32CubeIDE/plugins/com.st.stm32cube.ide.mcu.externaltools.gnu-tools-for-stm32.13.3.rel1.win32_1.0.0.202411081344/tools/bin/../lib/gcc/arm-none-eabi/13.3.1/thumb/v7e-m+fp/hard/crtbegin.o
                0x08007e40                        PROVIDE (__init_array_end = .)
                0x08007e40                        . = ALIGN (0x4)

.fini_array     0x08007e40        0x4
                0x08007e40                        . = ALIGN (0x4)
                [!provide]                        PROVIDE (__fini_array_start = .)
 *(SORT_BY_NAME(.fini_array.*))
 *(.fini_array*)
 .fini_array    0x08007e40        0x4 C:/Program Files/STM32CubeIDE_1.19.0/STM32CubeIDE/plugins/com.st.stm32cube.ide.mcu.externaltools.gnu-tools-for-stm32.13.3.rel1.win32_1.0.0.202411081344/tools/bin/../lib/gcc/arm-none-eabi/13.3.1/thumb/v7e-m+fp/hard/crtbegin.o
                [!provide]                        PROVIDE (__fini_array_end = .)
                0x08007e44                        . = ALIGN (0x4)
                0x08007e44                        _sidata = LOADADDR (.data)

.rel.dyn        0x08007e44        0x0
 .rel.iplt      0x08007e44        0x0 C:/Program Files/STM32CubeIDE_1.19.0/STM32CubeIDE/plugins/com.st.stm32cube.ide.mcu.externaltools.gnu-tools-for-stm32.13.3.rel1.win32_1.0.0.202411081344/tools/bin/../lib/gcc/arm-none-eabi/13.3.1/thumb/v7e-m+fp/hard/crtbegin.o

.data           0x20000000      0x1d4 load address 0x08007e44
                0x20000000                        . = ALIGN (0x4)
                0x20000000                        _sdata = .
 *(.data)
 *(.data*)
 .data.SystemCoreClock
                0x20000000        0x4 ./Core/Src/system_stm32l4xx.o
                0x20000000                SystemCoreClock
 .data.uwTickPrio
                0x20000004        0x4 ./Drivers/STM32L4xx_HAL_Driver/Src/stm32l4xx_hal.o
                0x20000004                uwTickPrio
 .data.uwTickFreq
                0x20000008        0x1 ./Drivers/STM32L4xx_HAL_Driver/Src/stm32l4xx_hal.o
                0x20000008                uwTickFreq
 *fill*         0x20000009        0x3 
 .data.__sglue  0x2000000c        0xc C:/Program Files/STM32CubeIDE_1.19.0/STM32CubeIDE/plugins/com.st.stm32cube.ide.mcu.externaltools.gnu-tools-for-stm32.13.3.rel1.win32_1.0.0.202411081344/tools/bin/../lib/gcc/arm-none-eabi/13.3.1/../../../../arm-none-eabi/lib/thumb/v7e-m+fp/hard\libc_nano.a(libc_a-findfp.o)
                0x2000000c                __sglue
 .data._impure_ptr
                0x20000018        0x4 C:/Program Files/STM32CubeIDE_1.19.0/STM32CubeIDE/plugins/com.st.stm32cube.ide.mcu.externaltools.gnu-tools-for-stm32.13.3.rel1.win32_1.0.0.202411081344/tools/bin/../lib/gcc/arm-none-eabi/13.3.1/../../../../arm-none-eabi/lib/thumb/v7e-m+fp/hard\libc_nano.a(libc_a-impure.o)
                0x20000018                _impure_ptr
 .data._impure_data
                0x2000001c       0x4c C:/Program Files/STM32CubeIDE_1.19.0/STM32CubeIDE/plugins/com.st.stm32cube.ide.mcu.externaltools.gnu-tools-for-stm32.13.3.rel1.win32_1.0.0.202411081344/tools/bin/../lib/gcc/arm-none-eabi/13.3.1/../../../../arm-none-eabi/lib/thumb/v7e-m+fp/hard\libc_nano.a(libc_a-impure.o)
                0x2000001c                _impure_data
 .data.__global_locale
                0x20000068      0x16c C:/Program Files/STM32CubeIDE_1.19.0/STM32CubeIDE/plugins/com.st.stm32cube.ide.mcu.externaltools.gnu-tools-for-stm32.13.3.rel1.win32_1.0.0.202411081344/tools/bin/../lib/gcc/arm-none-eabi/13.3.1/../../../../arm-none-eabi/lib/thumb/v7e-m+fp/hard\libc_nano.a(libc_a-locale.o)
                0x20000068                __global_locale
 *(.RamFunc)
 *(.RamFunc*)
                0x200001d4                        . = ALIGN (0x4)
                0x200001d4                        _edata = .

.igot.plt       0x200001d4        0x0 load address 0x08008018
 .igot.plt      0x200001d4        0x0 C:/Program Files/STM32CubeIDE_1.19.0/STM32CubeIDE/plugins/com.st.stm32cube.ide.mcu.externaltools.gnu-tools-for-stm32.13.3.rel1.win32_1.0.0.202411081344/tools/bin/../lib/gcc/arm-none-eabi/13.3.1/thumb/v7e-m+fp/hard/crtbegin.o
                0x200001d4                        . = ALIGN (0x4)

.bss            0x200001d4      0x268 load address 0x08008018
                0x200001d4                        _sbss = .
                0x200001d4                        __bss_start__ = _sbss
 *(.bss)
 .bss           0x200001d4       0x1c C:/Program Files/STM32CubeIDE_1.19.0/STM32CubeIDE/plugins/com.st.stm32cube.ide.mcu.externaltools.gnu-tools-for-stm32.13.3.rel1.win32_1.0.0.202411081344/tools/bin/../lib/gcc/arm-none-eabi/13.3.1/thumb/v7e-m+fp/hard/crtbegin.o
 *(.bss*)
 .bss.hadc1     0x200001f0       0x64 ./Core/Src/adc.o
                0x200001f0                hadc1
 .bss.adcValues
                0x20000254        0x8 ./Core/Src/main.o
                0x20000254                adcValues
 .bss.adcReady  0x2000025c        0x1 ./Core/Src/main.o
                0x2000025c                adcReady
 *fill*         0x2000025d        0x3 
 .bss.__sbrk_heap_end
                0x20000260        0x4 ./Core/Src/sysmem.o
 .bss.huart2    0x20000264       0x88 ./Core/Src/usart.o
                0x20000264                huart2
 .bss.uwTick    0x200002ec        0x4 ./Drivers/STM32L4xx_HAL_Driver/Src/stm32l4xx_hal.o
                0x200002ec                uwTick
 .bss.__sf      0x200002f0      0x138 C:/Program Files/STM32CubeIDE_1.19.0/STM32CubeIDE/plugins/com.st.stm32cube.ide.mcu.externaltools.gnu-tools-for-stm32.13.3.rel1.win32_1.0.0.202411081344/tools/bin/../lib/gcc/arm-none-eabi/13.3.1/../../../../arm-none-eabi/lib/thumb/v7e-m+fp/hard\libc_nano.a(libc_a-findfp.o)
                0x200002f0                __sf
 .bss.__stdio_exit_handler
                0x20000428        0x4 C:/Program Files/STM32CubeIDE_1.19.0/STM32CubeIDE/plugins/com.st.stm32cube.ide.mcu.externaltools.gnu-tools-for-stm32.13.3.rel1.win32_1.0.0.202411081344/tools/bin/../lib/gcc/arm-none-eabi/13.3.1/../../../../arm-none-eabi/lib/thumb/v7e-m+fp/hard\libc_nano.a(libc_a-findfp.o)
                0x20000428                __stdio_exit_handler
 .bss.errno     0x2000042c        0x4 C:/Program Files/STM32CubeIDE_1.19.0/STM32CubeIDE/plugins/com.st.stm32cube.ide.mcu.externaltools.gnu-tools-for-stm32.13.3.rel1.win32_1.0.0.202411081344/tools/bin/../lib/gcc/arm-none-eabi/13.3.1/../../../../arm-none-eabi/lib/thumb/v7e-m+fp/hard\libc_nano.a(libc_a-reent.o)
                0x2000042c                errno
 .bss.__lock___malloc_recursive_mutex
                0x20000430        0x1 C:/Program Files/STM32CubeIDE_1.19.0/STM32CubeIDE/plugins/com.st.stm32cube.ide.mcu.externaltools.gnu-tools-for-stm32.13.3.rel1.win32_1.0.0.202411081344/tools/bin/../lib/gcc/arm-none-eabi/13.3.1/../../../../arm-none-eabi/lib/thumb/v7e-m+fp/hard\libc_nano.a(libc_a-lock.o)
                0x20000430                __lock___malloc_recursive_mutex
 .bss.__lock___sfp_recursive_mutex
                0x20000431        0x1 C:/Program Files/STM32CubeIDE_1.19.0/STM32CubeIDE/plugins/com.st.stm32cube.ide.mcu.externaltools.gnu-tools-for-stm32.13.3.rel1.win32_1.0.0.202411081344/tools/bin/../lib/gcc/arm-none-eabi/13.3.1/../../../../arm-none-eabi/lib/thumb/v7e-m+fp/hard\libc_nano.a(libc_a-lock.o)
                0x20000431                __lock___sfp_recursive_mutex
 *fill*         0x20000432        0x2 
 .bss.__malloc_sbrk_start
                0x20000434        0x4 C:/Program Files/STM32CubeIDE_1.19.0/STM32CubeIDE/plugins/com.st.stm32cube.ide.mcu.externaltools.gnu-tools-for-stm32.13.3.rel1.win32_1.0.0.202411081344/tools/bin/../lib/gcc/arm-none-eabi/13.3.1/../../../../arm-none-eabi/lib/thumb/v7e-m+fp/hard\libc_nano.a(libc_a-mallocr.o)
                0x20000434                __malloc_sbrk_start
 .bss.__malloc_free_list
                0x20000438        0x4 C:/Program Files/STM32CubeIDE_1.19.0/STM32CubeIDE/plugins/com.st.stm32cube.ide.mcu.externaltools.gnu-tools-for-stm32.13.3.rel1.win32_1.0.0.202411081344/tools/bin/../lib/gcc/arm-none-eabi/13.3.1/../../../../arm-none-eabi/lib/thumb/v7e-m+fp/hard\libc_nano.a(libc_a-mallocr.o)
                0x20000438                __malloc_free_list
 *(COMMON)
                0x2000043c                        . = ALIGN (0x4)
                0x2000043c                        _ebss = .
                0x2000043c                        __bss_end__ = _ebss

._user_heap_stack
                0x2000043c      0x604 load address 0x08008018
                0x20000440                        . = ALIGN (0x8)
 *fill*         0x2000043c        0x4 
                [!provide]                        PROVIDE (end = .)
                0x20000440                        PROVIDE (_end = .)
                0x20000640                        . = (. + _Min_Heap_Size)
 *fill*         0x20000440      0x200 
                0x20000a40                        . = (. + _Min_Stack_Size)
 *fill*         0x20000640      0x400 
                0x20000a40                        . = ALIGN (0x8)

/DISCARD/
 libc.a(*)
 libm.a(*)
 libgcc.a(*)

.ARM.attributes
                0x00000000       0x30
 *(.ARM.attributes)
 .ARM.attributes
                0x00000000       0x22 C:/Program Files/STM32CubeIDE_1.19.0/STM32CubeIDE/plugins/com.st.stm32cube.ide.mcu.externaltools.gnu-tools-for-stm32.13.3.rel1.win32_1.0.0.202411081344/tools/bin/../lib/gcc/arm-none-eabi/13.3.1/thumb/v7e-m+fp/hard/crti.o
 .ARM.attributes
                0x00000022       0x34 C:/Program Files/STM32CubeIDE_1.19.0/STM32CubeIDE/plugins/com.st.stm32cube.ide.mcu.externaltools.gnu-tools-for-stm32.13.3.rel1.win32_1.0.0.202411081344/tools/bin/../lib/gcc/arm-none-eabi/13.3.1/thumb/v7e-m+fp/hard/crtbegin.o
 .ARM.attributes
                0x00000056       0x34 ./Core/Src/adc.o
 .ARM.attributes
                0x0000008a       0x34 ./Core/Src/gpio.o
 .ARM.attributes
                0x000000be       0x34 ./Core/Src/main.o
 .ARM.attributes
                0x000000f2       0x34 ./Core/Src/stm32l4xx_hal_msp.o
 .ARM.attributes
                0x00000126       0x34 ./Core/Src/stm32l4xx_it.o
 .ARM.attributes
                0x0000015a       0x34 ./Core/Src/syscalls.o
 .ARM.attributes
                0x0000018e       0x34 ./Core/Src/sysmem.o
 .ARM.attributes
                0x000001c2       0x34 ./Core/Src/system_stm32l4xx.o
 .ARM.attributes
                0x000001f6       0x34 ./Core/Src/usart.o
 .ARM.attributes
                0x0000022a       0x21 ./Core/Startup/startup_stm32l432kcux.o
 .ARM.attributes
                0x0000024b       0x34 ./Drivers/STM32L4xx_HAL_Driver/Src/stm32l4xx_hal.o
 .ARM.attributes
                0x0000027f       0x34 ./Drivers/STM32L4xx_HAL_Driver/Src/stm32l4xx_hal_adc.o
 .ARM.attributes
                0x000002b3       0x34 ./Drivers/STM32L4xx_HAL_Driver/Src/stm32l4xx_hal_cortex.o
 .ARM.attributes
                0x000002e7       0x34 ./Drivers/STM32L4xx_HAL_Driver/Src/stm32l4xx_hal_dma.o
 .ARM.attributes
                0x0000031b       0x34 ./Drivers/STM32L4xx_HAL_Driver/Src/stm32l4xx_hal_gpio.o
 .ARM.attributes
                0x0000034f       0x34 ./Drivers/STM32L4xx_HAL_Driver/Src/stm32l4xx_hal_pwr.o
 .ARM.attributes
                0x00000383       0x34 ./Drivers/STM32L4xx_HAL_Driver/Src/stm32l4xx_hal_pwr_ex.o
 .ARM.attributes
                0x000003b7       0x34 ./Drivers/STM32L4xx_HAL_Driver/Src/stm32l4xx_hal_rcc.o
 .ARM.attributes
                0x000003eb       0x34 ./Drivers/STM32L4xx_HAL_Driver/Src/stm32l4xx_hal_rcc_ex.o
 .ARM.attributes
                0x0000041f       0x34 ./Drivers/STM32L4xx_HAL_Driver/Src/stm32l4xx_hal_uart.o
 .ARM.attributes
                0x00000453       0x34 C:/Program Files/STM32CubeIDE_1.19.0/STM32CubeIDE/plugins/com.st.stm32cube.ide.mcu.externaltools.gnu-tools-for-stm32.13.3.rel1.win32_1.0.0.202411081344/tools/bin/../lib/gcc/arm-none-eabi/13.3.1/../../../../arm-none-eabi/lib/thumb/v7e-m+fp/hard\libc_nano.a(libc_a-nano-vfprintf_float.o)
 .ARM.attributes
                0x00000487       0x34 C:/Program Files/STM32CubeIDE_1.19.0/STM32CubeIDE/plugins/com.st.stm32cube.ide.mcu.externaltools.gnu-tools-for-stm32.13.3.rel1.win32_1.0.0.202411081344/tools/bin/../lib/gcc/arm-none-eabi/13.3.1/../../../../arm-none-eabi/lib/thumb/v7e-m+fp/hard\libc_nano.a(libc_a-nano-vfprintf_i.o)
 .ARM.attributes
                0x000004bb       0x34 C:/Program Files/STM32CubeIDE_1.19.0/STM32CubeIDE/plugins/com.st.stm32cube.ide.mcu.externaltools.gnu-tools-for-stm32.13.3.rel1.win32_1.0.0.202411081344/tools/bin/../lib/gcc/arm-none-eabi/13.3.1/../../../../arm-none-eabi/lib/thumb/v7e-m+fp/hard\libc_nano.a(libc_a-findfp.o)
 .ARM.attributes
                0x000004ef       0x34 C:/Program Files/STM32CubeIDE_1.19.0/STM32CubeIDE/plugins/com.st.stm32cube.ide.mcu.externaltools.gnu-tools-for-stm32.13.3.rel1.win32_1.0.0.202411081344/tools/bin/../lib/gcc/arm-none-eabi/13.3.1/../../../../arm-none-eabi/lib/thumb/v7e-m+fp/hard\libc_nano.a(libc_a-fwalk.o)
 .ARM.attributes
                0x00000523       0x34 C:/Program Files/STM32CubeIDE_1.19.0/STM32CubeIDE/plugins/com.st.stm32cube.ide.mcu.externaltools.gnu-tools-for-stm32.13.3.rel1.win32_1.0.0.202411081344/tools/bin/../lib/gcc/arm-none-eabi/13.3.1/../../../../arm-none-eabi/lib/thumb/v7e-m+fp/hard\libc_nano.a(libc_a-snprintf.o)
 .ARM.attributes
                0x00000557       0x34 C:/Program Files/STM32CubeIDE_1.19.0/STM32CubeIDE/plugins/com.st.stm32cube.ide.mcu.externaltools.gnu-tools-for-stm32.13.3.rel1.win32_1.0.0.202411081344/tools/bin/../lib/gcc/arm-none-eabi/13.3.1/../../../../arm-none-eabi/lib/thumb/v7e-m+fp/hard\libc_nano.a(libc_a-stdio.o)
 .ARM.attributes
                0x0000058b       0x34 C:/Program Files/STM32CubeIDE_1.19.0/STM32CubeIDE/plugins/com.st.stm32cube.ide.mcu.externaltools.gnu-tools-for-stm32.13.3.rel1.win32_1.0.0.202411081344/tools/bin/../lib/gcc/arm-none-eabi/13.3.1/../../../../arm-none-eabi/lib/thumb/v7e-m+fp/hard\libc_nano.a(libc_a-memset.o)
 .ARM.attributes
                0x000005bf       0x34 C:/Program Files/STM32CubeIDE_1.19.0/STM32CubeIDE/plugins/com.st.stm32cube.ide.mcu.externaltools.gnu-tools-for-stm32.13.3.rel1.win32_1.0.0.202411081344/tools/bin/../lib/gcc/arm-none-eabi/13.3.1/../../../../arm-none-eabi/lib/thumb/v7e-m+fp/hard\libc_nano.a(libc_a-localeconv.o)
 .ARM.attributes
                0x000005f3       0x34 C:/Program Files/STM32CubeIDE_1.19.0/STM32CubeIDE/plugins/com.st.stm32cube.ide.mcu.externaltools.gnu-tools-for-stm32.13.3.rel1.win32_1.0.0.202411081344/tools/bin/../lib/gcc/arm-none-eabi/13.3.1/../../../../arm-none-eabi/lib/thumb/v7e-m+fp/hard\libc_nano.a(libc_a-closer.o)
 .ARM.attributes
                0x00000627       0x34 C:/Program Files/STM32CubeIDE_1.19.0/STM32CubeIDE/plugins/com.st.stm32cube.ide.mcu.externaltools.gnu-tools-for-stm32.13.3.rel1.win32_1.0.0.202411081344/tools/bin/../lib/gcc/arm-none-eabi/13.3.1/../../../../arm-none-eabi/lib/thumb/v7e-m+fp/hard\libc_nano.a(libc_a-reent.o)
 .ARM.attributes
                0x0000065b       0x34 C:/Program Files/STM32CubeIDE_1.19.0/STM32CubeIDE/plugins/com.st.stm32cube.ide.mcu.externaltools.gnu-tools-for-stm32.13.3.rel1.win32_1.0.0.202411081344/tools/bin/../lib/gcc/arm-none-eabi/13.3.1/../../../../arm-none-eabi/lib/thumb/v7e-m+fp/hard\libc_nano.a(libc_a-impure.o)
 .ARM.attributes
                0x0000068f       0x34 C:/Program Files/STM32CubeIDE_1.19.0/STM32CubeIDE/plugins/com.st.stm32cube.ide.mcu.externaltools.gnu-tools-for-stm32.13.3.rel1.win32_1.0.0.202411081344/tools/bin/../lib/gcc/arm-none-eabi/13.3.1/../../../../arm-none-eabi/lib/thumb/v7e-m+fp/hard\libc_nano.a(libc_a-lseekr.o)
 .ARM.attributes
                0x000006c3       0x34 C:/Program Files/STM32CubeIDE_1.19.0/STM32CubeIDE/plugins/com.st.stm32cube.ide.mcu.externaltools.gnu-tools-for-stm32.13.3.rel1.win32_1.0.0.202411081344/tools/bin/../lib/gcc/arm-none-eabi/13.3.1/../../../../arm-none-eabi/lib/thumb/v7e-m+fp/hard\libc_nano.a(libc_a-readr.o)
 .ARM.attributes
                0x000006f7       0x34 C:/Program Files/STM32CubeIDE_1.19.0/STM32CubeIDE/plugins/com.st.stm32cube.ide.mcu.externaltools.gnu-tools-for-stm32.13.3.rel1.win32_1.0.0.202411081344/tools/bin/../lib/gcc/arm-none-eabi/13.3.1/../../../../arm-none-eabi/lib/thumb/v7e-m+fp/hard\libc_nano.a(libc_a-writer.o)
 .ARM.attributes
                0x0000072b       0x34 C:/Program Files/STM32CubeIDE_1.19.0/STM32CubeIDE/plugins/com.st.stm32cube.ide.mcu.externaltools.gnu-tools-for-stm32.13.3.rel1.win32_1.0.0.202411081344/tools/bin/../lib/gcc/arm-none-eabi/13.3.1/../../../../arm-none-eabi/lib/thumb/v7e-m+fp/hard\libc_nano.a(libc_a-errno.o)
 .ARM.attributes
                0x0000075f       0x34 C:/Program Files/STM32CubeIDE_1.19.0/STM32CubeIDE/plugins/com.st.stm32cube.ide.mcu.externaltools.gnu-tools-for-stm32.13.3.rel1.win32_1.0.0.202411081344/tools/bin/../lib/gcc/arm-none-eabi/13.3.1/../../../../arm-none-eabi/lib/thumb/v7e-m+fp/hard\libc_nano.a(libc_a-init.o)
 .ARM.attributes
                0x00000793       0x34 C:/Program Files/STM32CubeIDE_1.19.0/STM32CubeIDE/plugins/com.st.stm32cube.ide.mcu.externaltools.gnu-tools-for-stm32.13.3.rel1.win32_1.0.0.202411081344/tools/bin/../lib/gcc/arm-none-eabi/13.3.1/../../../../arm-none-eabi/lib/thumb/v7e-m+fp/hard\libc_nano.a(libc_a-lock.o)
 .ARM.attributes
                0x000007c7       0x1c C:/Program Files/STM32CubeIDE_1.19.0/STM32CubeIDE/plugins/com.st.stm32cube.ide.mcu.externaltools.gnu-tools-for-stm32.13.3.rel1.win32_1.0.0.202411081344/tools/bin/../lib/gcc/arm-none-eabi/13.3.1/../../../../arm-none-eabi/lib/thumb/v7e-m+fp/hard\libc_nano.a(libc_a-memchr.o)
 .ARM.attributes
                0x000007e3       0x17 C:/Program Files/STM32CubeIDE_1.19.0/STM32CubeIDE/plugins/com.st.stm32cube.ide.mcu.externaltools.gnu-tools-for-stm32.13.3.rel1.win32_1.0.0.202411081344/tools/bin/../lib/gcc/arm-none-eabi/13.3.1/../../../../arm-none-eabi/lib/thumb/v7e-m+fp/hard\libc_nano.a(libc_a-strlen.o)
 .ARM.attributes
                0x000007fa       0x34 C:/Program Files/STM32CubeIDE_1.19.0/STM32CubeIDE/plugins/com.st.stm32cube.ide.mcu.externaltools.gnu-tools-for-stm32.13.3.rel1.win32_1.0.0.202411081344/tools/bin/../lib/gcc/arm-none-eabi/13.3.1/../../../../arm-none-eabi/lib/thumb/v7e-m+fp/hard\libc_nano.a(libc_a-dtoa.o)
 .ARM.attributes
                0x0000082e       0x34 C:/Program Files/STM32CubeIDE_1.19.0/STM32CubeIDE/plugins/com.st.stm32cube.ide.mcu.externaltools.gnu-tools-for-stm32.13.3.rel1.win32_1.0.0.202411081344/tools/bin/../lib/gcc/arm-none-eabi/13.3.1/../../../../arm-none-eabi/lib/thumb/v7e-m+fp/hard\libc_nano.a(libc_a-freer.o)
 .ARM.attributes
                0x00000862       0x34 C:/Program Files/STM32CubeIDE_1.19.0/STM32CubeIDE/plugins/com.st.stm32cube.ide.mcu.externaltools.gnu-tools-for-stm32.13.3.rel1.win32_1.0.0.202411081344/tools/bin/../lib/gcc/arm-none-eabi/13.3.1/../../../../arm-none-eabi/lib/thumb/v7e-m+fp/hard\libc_nano.a(libc_a-malloc.o)
 .ARM.attributes
                0x00000896       0x34 C:/Program Files/STM32CubeIDE_1.19.0/STM32CubeIDE/plugins/com.st.stm32cube.ide.mcu.externaltools.gnu-tools-for-stm32.13.3.rel1.win32_1.0.0.202411081344/tools/bin/../lib/gcc/arm-none-eabi/13.3.1/../../../../arm-none-eabi/lib/thumb/v7e-m+fp/hard\libc_nano.a(libc_a-mallocr.o)
 .ARM.attributes
                0x000008ca       0x34 C:/Program Files/STM32CubeIDE_1.19.0/STM32CubeIDE/plugins/com.st.stm32cube.ide.mcu.externaltools.gnu-tools-for-stm32.13.3.rel1.win32_1.0.0.202411081344/tools/bin/../lib/gcc/arm-none-eabi/13.3.1/../../../../arm-none-eabi/lib/thumb/v7e-m+fp/hard\libc_nano.a(libc_a-mlock.o)
 .ARM.attributes
                0x000008fe       0x34 C:/Program Files/STM32CubeIDE_1.19.0/STM32CubeIDE/plugins/com.st.stm32cube.ide.mcu.externaltools.gnu-tools-for-stm32.13.3.rel1.win32_1.0.0.202411081344/tools/bin/../lib/gcc/arm-none-eabi/13.3.1/../../../../arm-none-eabi/lib/thumb/v7e-m+fp/hard\libc_nano.a(libc_a-mprec.o)
 .ARM.attributes
                0x00000932       0x34 C:/Program Files/STM32CubeIDE_1.19.0/STM32CubeIDE/plugins/com.st.stm32cube.ide.mcu.externaltools.gnu-tools-for-stm32.13.3.rel1.win32_1.0.0.202411081344/tools/bin/../lib/gcc/arm-none-eabi/13.3.1/../../../../arm-none-eabi/lib/thumb/v7e-m+fp/hard\libc_nano.a(libc_a-nano-svfprintf.o)
 .ARM.attributes
                0x00000966       0x34 C:/Program Files/STM32CubeIDE_1.19.0/STM32CubeIDE/plugins/com.st.stm32cube.ide.mcu.externaltools.gnu-tools-for-stm32.13.3.rel1.win32_1.0.0.202411081344/tools/bin/../lib/gcc/arm-none-eabi/13.3.1/../../../../arm-none-eabi/lib/thumb/v7e-m+fp/hard\libc_nano.a(libc_a-fflush.o)
 .ARM.attributes
                0x0000099a       0x34 C:/Program Files/STM32CubeIDE_1.19.0/STM32CubeIDE/plugins/com.st.stm32cube.ide.mcu.externaltools.gnu-tools-for-stm32.13.3.rel1.win32_1.0.0.202411081344/tools/bin/../lib/gcc/arm-none-eabi/13.3.1/../../../../arm-none-eabi/lib/thumb/v7e-m+fp/hard\libc_nano.a(libc_a-memmove.o)
 .ARM.attributes
                0x000009ce       0x34 C:/Program Files/STM32CubeIDE_1.19.0/STM32CubeIDE/plugins/com.st.stm32cube.ide.mcu.externaltools.gnu-tools-for-stm32.13.3.rel1.win32_1.0.0.202411081344/tools/bin/../lib/gcc/arm-none-eabi/13.3.1/../../../../arm-none-eabi/lib/thumb/v7e-m+fp/hard\libc_nano.a(libc_a-locale.o)
 .ARM.attributes
                0x00000a02       0x34 C:/Program Files/STM32CubeIDE_1.19.0/STM32CubeIDE/plugins/com.st.stm32cube.ide.mcu.externaltools.gnu-tools-for-stm32.13.3.rel1.win32_1.0.0.202411081344/tools/bin/../lib/gcc/arm-none-eabi/13.3.1/../../../../arm-none-eabi/lib/thumb/v7e-m+fp/hard\libc_nano.a(libc_a-sbrkr.o)
 .ARM.attributes
                0x00000a36       0x34 C:/Program Files/STM32CubeIDE_1.19.0/STM32CubeIDE/plugins/com.st.stm32cube.ide.mcu.externaltools.gnu-tools-for-stm32.13.3.rel1.win32_1.0.0.202411081344/tools/bin/../lib/gcc/arm-none-eabi/13.3.1/../../../../arm-none-eabi/lib/thumb/v7e-m+fp/hard\libc_nano.a(libc_a-memcpy-stub.o)
 .ARM.attributes
                0x00000a6a       0x34 C:/Program Files/STM32CubeIDE_1.19.0/STM32CubeIDE/plugins/com.st.stm32cube.ide.mcu.externaltools.gnu-tools-for-stm32.13.3.rel1.win32_1.0.0.202411081344/tools/bin/../lib/gcc/arm-none-eabi/13.3.1/../../../../arm-none-eabi/lib/thumb/v7e-m+fp/hard\libc_nano.a(libc_a-assert.o)
 .ARM.attributes
                0x00000a9e       0x34 C:/Program Files/STM32CubeIDE_1.19.0/STM32CubeIDE/plugins/com.st.stm32cube.ide.mcu.externaltools.gnu-tools-for-stm32.13.3.rel1.win32_1.0.0.202411081344/tools/bin/../lib/gcc/arm-none-eabi/13.3.1/../../../../arm-none-eabi/lib/thumb/v7e-m+fp/hard\libc_nano.a(libc_a-callocr.o)
 .ARM.attributes
                0x00000ad2       0x34 C:/Program Files/STM32CubeIDE_1.19.0/STM32CubeIDE/plugins/com.st.stm32cube.ide.mcu.externaltools.gnu-tools-for-stm32.13.3.rel1.win32_1.0.0.202411081344/tools/bin/../lib/gcc/arm-none-eabi/13.3.1/../../../../arm-none-eabi/lib/thumb/v7e-m+fp/hard\libc_nano.a(libc_a-mbtowc_r.o)
 .ARM.attributes
                0x00000b06       0x34 C:/Program Files/STM32CubeIDE_1.19.0/STM32CubeIDE/plugins/com.st.stm32cube.ide.mcu.externaltools.gnu-tools-for-stm32.13.3.rel1.win32_1.0.0.202411081344/tools/bin/../lib/gcc/arm-none-eabi/13.3.1/../../../../arm-none-eabi/lib/thumb/v7e-m+fp/hard\libc_nano.a(libc_a-reallocr.o)
 .ARM.attributes
                0x00000b3a       0x34 C:/Program Files/STM32CubeIDE_1.19.0/STM32CubeIDE/plugins/com.st.stm32cube.ide.mcu.externaltools.gnu-tools-for-stm32.13.3.rel1.win32_1.0.0.202411081344/tools/bin/../lib/gcc/arm-none-eabi/13.3.1/../../../../arm-none-eabi/lib/thumb/v7e-m+fp/hard\libc_nano.a(libc_a-wctomb_r.o)
 .ARM.attributes
                0x00000b6e       0x34 C:/Program Files/STM32CubeIDE_1.19.0/STM32CubeIDE/plugins/com.st.stm32cube.ide.mcu.externaltools.gnu-tools-for-stm32.13.3.rel1.win32_1.0.0.202411081344/tools/bin/../lib/gcc/arm-none-eabi/13.3.1/../../../../arm-none-eabi/lib/thumb/v7e-m+fp/hard\libc_nano.a(libc_a-ctype_.o)
 .ARM.attributes
                0x00000ba2       0x34 C:/Program Files/STM32CubeIDE_1.19.0/STM32CubeIDE/plugins/com.st.stm32cube.ide.mcu.externaltools.gnu-tools-for-stm32.13.3.rel1.win32_1.0.0.202411081344/tools/bin/../lib/gcc/arm-none-eabi/13.3.1/../../../../arm-none-eabi/lib/thumb/v7e-m+fp/hard\libc_nano.a(libc_a-fprintf.o)
 .ARM.attributes
                0x00000bd6       0x34 C:/Program Files/STM32CubeIDE_1.19.0/STM32CubeIDE/plugins/com.st.stm32cube.ide.mcu.externaltools.gnu-tools-for-stm32.13.3.rel1.win32_1.0.0.202411081344/tools/bin/../lib/gcc/arm-none-eabi/13.3.1/../../../../arm-none-eabi/lib/thumb/v7e-m+fp/hard\libc_nano.a(libc_a-abort.o)
 .ARM.attributes
                0x00000c0a       0x34 C:/Program Files/STM32CubeIDE_1.19.0/STM32CubeIDE/plugins/com.st.stm32cube.ide.mcu.externaltools.gnu-tools-for-stm32.13.3.rel1.win32_1.0.0.202411081344/tools/bin/../lib/gcc/arm-none-eabi/13.3.1/../../../../arm-none-eabi/lib/thumb/v7e-m+fp/hard\libc_nano.a(libc_a-msizer.o)
 .ARM.attributes
                0x00000c3e       0x34 C:/Program Files/STM32CubeIDE_1.19.0/STM32CubeIDE/plugins/com.st.stm32cube.ide.mcu.externaltools.gnu-tools-for-stm32.13.3.rel1.win32_1.0.0.202411081344/tools/bin/../lib/gcc/arm-none-eabi/13.3.1/../../../../arm-none-eabi/lib/thumb/v7e-m+fp/hard\libc_nano.a(libc_a-nano-vfprintf.o)
 .ARM.attributes
                0x00000c72       0x34 C:/Program Files/STM32CubeIDE_1.19.0/STM32CubeIDE/plugins/com.st.stm32cube.ide.mcu.externaltools.gnu-tools-for-stm32.13.3.rel1.win32_1.0.0.202411081344/tools/bin/../lib/gcc/arm-none-eabi/13.3.1/../../../../arm-none-eabi/lib/thumb/v7e-m+fp/hard\libc_nano.a(libc_a-wbuf.o)
 .ARM.attributes